Archive member included to satisfy reference by file (symbol)

c:/st/stm32cubeide_1.7.0/stm32cubeide/plugins/com.st.stm32cube.ide.mcu.externaltools.gnu-tools-for-stm32.9-2020-q2-update.win32_2.0.0.202105311346/tools/bin/../lib/gcc/arm-none-eabi/9.3.1/../../../../arm-none-eabi/lib/thumb/v7-m/nofp\libm.a(lib_a-s_cos.o)
                              ./Core/Src/AFC_main.o (cos)
c:/st/stm32cubeide_1.7.0/stm32cubeide/plugins/com.st.stm32cube.ide.mcu.externaltools.gnu-tools-for-stm32.9-2020-q2-update.win32_2.0.0.202105311346/tools/bin/../lib/gcc/arm-none-eabi/9.3.1/../../../../arm-none-eabi/lib/thumb/v7-m/nofp\libm.a(lib_a-s_sin.o)
                              ./Core/Src/AFC_main.o (sin)
c:/st/stm32cubeide_1.7.0/stm32cubeide/plugins/com.st.stm32cube.ide.mcu.externaltools.gnu-tools-for-stm32.9-2020-q2-update.win32_2.0.0.202105311346/tools/bin/../lib/gcc/arm-none-eabi/9.3.1/../../../../arm-none-eabi/lib/thumb/v7-m/nofp\libm.a(lib_a-s_tan.o)
                              ./Core/Src/IMU.o (tan)
c:/st/stm32cubeide_1.7.0/stm32cubeide/plugins/com.st.stm32cube.ide.mcu.externaltools.gnu-tools-for-stm32.9-2020-q2-update.win32_2.0.0.202105311346/tools/bin/../lib/gcc/arm-none-eabi/9.3.1/../../../../arm-none-eabi/lib/thumb/v7-m/nofp\libm.a(lib_a-w_asin.o)
                              ./Core/Src/IMU.o (asin)
c:/st/stm32cubeide_1.7.0/stm32cubeide/plugins/com.st.stm32cube.ide.mcu.externaltools.gnu-tools-for-stm32.9-2020-q2-update.win32_2.0.0.202105311346/tools/bin/../lib/gcc/arm-none-eabi/9.3.1/../../../../arm-none-eabi/lib/thumb/v7-m/nofp\libm.a(lib_a-w_atan2.o)
                              ./Core/Src/AFC_main.o (atan2)
c:/st/stm32cubeide_1.7.0/stm32cubeide/plugins/com.st.stm32cube.ide.mcu.externaltools.gnu-tools-for-stm32.9-2020-q2-update.win32_2.0.0.202105311346/tools/bin/../lib/gcc/arm-none-eabi/9.3.1/../../../../arm-none-eabi/lib/thumb/v7-m/nofp\libm.a(lib_a-w_exp.o)
                              ./Core/Src/pid_controller.o (exp)
c:/st/stm32cubeide_1.7.0/stm32cubeide/plugins/com.st.stm32cube.ide.mcu.externaltools.gnu-tools-for-stm32.9-2020-q2-update.win32_2.0.0.202105311346/tools/bin/../lib/gcc/arm-none-eabi/9.3.1/../../../../arm-none-eabi/lib/thumb/v7-m/nofp\libm.a(lib_a-w_fmod.o)
                              ./Core/Src/TrajectoryTracking.o (fmod)
c:/st/stm32cubeide_1.7.0/stm32cubeide/plugins/com.st.stm32cube.ide.mcu.externaltools.gnu-tools-for-stm32.9-2020-q2-update.win32_2.0.0.202105311346/tools/bin/../lib/gcc/arm-none-eabi/9.3.1/../../../../arm-none-eabi/lib/thumb/v7-m/nofp\libm.a(lib_a-w_pow.o)
                              ./Core/Src/GPS.o (pow)
c:/st/stm32cubeide_1.7.0/stm32cubeide/plugins/com.st.stm32cube.ide.mcu.externaltools.gnu-tools-for-stm32.9-2020-q2-update.win32_2.0.0.202105311346/tools/bin/../lib/gcc/arm-none-eabi/9.3.1/../../../../arm-none-eabi/lib/thumb/v7-m/nofp\libm.a(lib_a-w_sqrt.o)
                              ./Core/Src/IMU.o (sqrt)
c:/st/stm32cubeide_1.7.0/stm32cubeide/plugins/com.st.stm32cube.ide.mcu.externaltools.gnu-tools-for-stm32.9-2020-q2-update.win32_2.0.0.202105311346/tools/bin/../lib/gcc/arm-none-eabi/9.3.1/../../../../arm-none-eabi/lib/thumb/v7-m/nofp\libm.a(lib_a-wf_sqrt.o)
                              ./Core/Src/AFC_main.o (sqrtf)
c:/st/stm32cubeide_1.7.0/stm32cubeide/plugins/com.st.stm32cube.ide.mcu.externaltools.gnu-tools-for-stm32.9-2020-q2-update.win32_2.0.0.202105311346/tools/bin/../lib/gcc/arm-none-eabi/9.3.1/../../../../arm-none-eabi/lib/thumb/v7-m/nofp\libm.a(lib_a-e_asin.o)
                              c:/st/stm32cubeide_1.7.0/stm32cubeide/plugins/com.st.stm32cube.ide.mcu.externaltools.gnu-tools-for-stm32.9-2020-q2-update.win32_2.0.0.202105311346/tools/bin/../lib/gcc/arm-none-eabi/9.3.1/../../../../arm-none-eabi/lib/thumb/v7-m/nofp\libm.a(lib_a-w_asin.o) (__ieee754_asin)
c:/st/stm32cubeide_1.7.0/stm32cubeide/plugins/com.st.stm32cube.ide.mcu.externaltools.gnu-tools-for-stm32.9-2020-q2-update.win32_2.0.0.202105311346/tools/bin/../lib/gcc/arm-none-eabi/9.3.1/../../../../arm-none-eabi/lib/thumb/v7-m/nofp\libm.a(lib_a-e_atan2.o)
                              c:/st/stm32cubeide_1.7.0/stm32cubeide/plugins/com.st.stm32cube.ide.mcu.externaltools.gnu-tools-for-stm32.9-2020-q2-update.win32_2.0.0.202105311346/tools/bin/../lib/gcc/arm-none-eabi/9.3.1/../../../../arm-none-eabi/lib/thumb/v7-m/nofp\libm.a(lib_a-w_atan2.o) (__ieee754_atan2)
c:/st/stm32cubeide_1.7.0/stm32cubeide/plugins/com.st.stm32cube.ide.mcu.externaltools.gnu-tools-for-stm32.9-2020-q2-update.win32_2.0.0.202105311346/tools/bin/../lib/gcc/arm-none-eabi/9.3.1/../../../../arm-none-eabi/lib/thumb/v7-m/nofp\libm.a(lib_a-e_exp.o)
                              c:/st/stm32cubeide_1.7.0/stm32cubeide/plugins/com.st.stm32cube.ide.mcu.externaltools.gnu-tools-for-stm32.9-2020-q2-update.win32_2.0.0.202105311346/tools/bin/../lib/gcc/arm-none-eabi/9.3.1/../../../../arm-none-eabi/lib/thumb/v7-m/nofp\libm.a(lib_a-w_exp.o) (__ieee754_exp)
[...]
Memory Configuration

Name             Origin             Length             Attributes
RAM              0x0000000020000000 0x0000000000005000 xrw
FLASH            0x0000000008000000 0x0000000000010000 xr
*default*        0x0000000000000000 0xffffffffffffffff

Linker script and memory map

LOAD c:/st/stm32cubeide_1.7.0/stm32cubeide/plugins/com.st.stm32cube.ide.mcu.externaltools.gnu-tools-for-stm32.9-2020-q2-update.win32_2.0.0.202105311346/tools/bin/../lib/gcc/arm-none-eabi/9.3.1/thumb/v7-m/nofp/crti.o
LOAD c:/st/stm32cubeide_1.7.0/stm32cubeide/plugins/com.st.stm32cube.ide.mcu.externaltools.gnu-tools-for-stm32.9-2020-q2-update.win32_2.0.0.202105311346/tools/bin/../lib/gcc/arm-none-eabi/9.3.1/thumb/v7-m/nofp/crtbegin.o
LOAD c:/st/stm32cubeide_1.7.0/stm32cubeide/plugins/com.st.stm32cube.ide.mcu.externaltools.gnu-tools-for-stm32.9-2020-q2-update.win32_2.0.0.202105311346/tools/bin/../lib/gcc/arm-none-eabi/9.3.1/../../../../arm-none-eabi/lib/thumb/v7-m/nofp/crt0.o
LOAD ./Core/Src/AFC_main.o
LOAD ./Core/Src/Communication.o
LOAD ./Core/Src/GPS.o
LOAD ./Core/Src/IMU.o
LOAD ./Core/Src/LowpassFilter.o
LOAD ./Core/Src/MPU6050.o
LOAD ./Core/Src/MS5611_spi.o
LOAD ./Core/Src/Paket_Islemleri.o
LOAD ./Core/Src/PowerModule.o
LOAD ./Core/Src/QMC5883L.o
LOAD ./Core/Src/ReadPPM.o
LOAD ./Core/Src/Task.o
LOAD ./Core/Src/TrajectoryTracking.o
LOAD ./Core/Src/main.o
LOAD ./Core/Src/pid_controller.o
LOAD ./Core/Src/stm32f1xx_hal_msp.o
LOAD ./Core/Src/stm32f1xx_it.o
LOAD ./Core/Src/syscalls.o
LOAD ./Core/Src/sysmem.o
LOAD ./Core/Src/system_stm32f1xx.o
LOAD ./Core/Startup/startup_stm32f103c8tx.o
LOAD ./Drivers/STM32F1xx_HAL_Driver/Src/stm32f1xx_hal.o
LOAD ./Drivers/STM32F1xx_HAL_Driver/Src/stm32f1xx_hal_adc.o
LOAD ./Drivers/STM32F1xx_HAL_Driver/Src/stm32f1xx_hal_adc_ex.o
LOAD ./Drivers/STM32F1xx_HAL_Driver/Src/stm32f1xx_hal_cortex.o
LOAD ./Drivers/STM32F1xx_HAL_Driver/Src/stm32f1xx_hal_dma.o
LOAD ./Drivers/STM32F1xx_HAL_Driver/Src/stm32f1xx_hal_exti.o
LOAD ./Drivers/STM32F1xx_HAL_Driver/Src/stm32f1xx_hal_flash.o
LOAD ./Drivers/STM32F1xx_HAL_Driver/Src/stm32f1xx_hal_flash_ex.o
LOAD ./Drivers/STM32F1xx_HAL_Driver/Src/stm32f1xx_hal_gpio.o
LOAD ./Drivers/STM32F1xx_HAL_Driver/Src/stm32f1xx_hal_gpio_ex.o
LOAD ./Drivers/STM32F1xx_HAL_Driver/Src/stm32f1xx_hal_i2c.o
LOAD ./Drivers/STM32F1xx_HAL_Driver/Src/stm32f1xx_hal_iwdg.o
LOAD ./Drivers/STM32F1xx_HAL_Driver/Src/stm32f1xx_hal_pwr.o
LOAD ./Drivers/STM32F1xx_HAL_Driver/Src/stm32f1xx_hal_rcc.o
LOAD ./Drivers/STM32F1xx_HAL_Driver/Src/stm32f1xx_hal_rcc_ex.o
LOAD ./Drivers/STM32F1xx_HAL_Driver/Src/stm32f1xx_hal_spi.o
LOAD ./Drivers/STM32F1xx_HAL_Driver/Src/stm32f1xx_hal_tim.o
LOAD ./Drivers/STM32F1xx_HAL_Driver/Src/stm32f1xx_hal_tim_ex.o
LOAD ./Drivers/STM32F1xx_HAL_Driver/Src/stm32f1xx_hal_uart.o
START GROUP
LOAD c:/st/stm32cubeide_1.7.0/stm32cubeide/plugins/com.st.stm32cube.ide.mcu.externaltools.gnu-tools-for-stm32.9-2020-q2-update.win32_2.0.0.202105311346/tools/bin/../lib/gcc/arm-none-eabi/9.3.1/../../../../arm-none-eabi/lib/thumb/v7-m/nofp\libstdc++_nano.a
LOAD c:/st/stm32cubeide_1.7.0/stm32cubeide/plugins/com.st.stm32cube.ide.mcu.externaltools.gnu-tools-for-stm32.9-2020-q2-update.win32_2.0.0.202105311346/tools/bin/../lib/gcc/arm-none-eabi/9.3.1/../../../../arm-none-eabi/lib/thumb/v7-m/nofp\libsupc++_nano.a
END GROUP
LOAD c:/st/stm32cubeide_1.7.0/stm32cubeide/plugins/com.st.stm32cube.ide.mcu.externaltools.gnu-tools-for-stm32.9-2020-q2-update.win32_2.0.0.202105311346/tools/bin/../lib/gcc/arm-none-eabi/9.3.1/../../../../arm-none-eabi/lib/thumb/v7-m/nofp\libstdc++_nano.a
LOAD c:/st/stm32cubeide_1.7.0/stm32cubeide/plugins/com.st.stm32cube.ide.mcu.externaltools.gnu-tools-for-stm32.9-2020-q2-update.win32_2.0.0.202105311346/tools/bin/../lib/gcc/arm-none-eabi/9.3.1/../../../../arm-none-eabi/lib/thumb/v7-m/nofp\libm.a
LOAD c:/st/stm32cubeide_1.7.0/stm32cubeide/plugins/com.st.stm32cube.ide.mcu.externaltools.gnu-tools-for-stm32.9-2020-q2-update.win32_2.0.0.202105311346/tools/bin/../lib/gcc/arm-none-eabi/9.3.1/../../../../arm-none-eabi/lib/thumb/v7-m/nofp\libc_nano.a
START GROUP
LOAD c:/st/stm32cubeide_1.7.0/stm32cubeide/plugins/com.st.stm32cube.ide.mcu.externaltools.gnu-tools-for-stm32.9-2020-q2-update.win32_2.0.0.202105311346/tools/bin/../lib/gcc/arm-none-eabi/9.3.1/thumb/v7-m/nofp\libgcc.a
LOAD c:/st/stm32cubeide_1.7.0/stm32cubeide/plugins/com.st.stm32cube.ide.mcu.externaltools.gnu-tools-for-stm32.9-2020-q2-update.win32_2.0.0.202105311346/tools/bin/../lib/gcc/arm-none-eabi/9.3.1/../../../../arm-none-eabi/lib/thumb/v7-m/nofp\libc_nano.a
END GROUP
START GROUP
LOAD c:/st/stm32cubeide_1.7.0/stm32cubeide/plugins/com.st.stm32cube.ide.mcu.externaltools.gnu-tools-for-stm32.9-2020-q2-update.win32_2.0.0.202105311346/tools/bin/../lib/gcc/arm-none-eabi/9.3.1/thumb/v7-m/nofp\libgcc.a
LOAD c:/st/stm32cubeide_1.7.0/stm32cubeide/plugins/com.st.stm32cube.ide.mcu.externaltools.gnu-tools-for-stm32.9-2020-q2-update.win32_2.0.0.202105311346/tools/bin/../lib/gcc/arm-none-eabi/9.3.1/../../../../arm-none-eabi/lib/thumb/v7-m/nofp\libc_nano.a
LOAD c:/st/stm32cubeide_1.7.0/stm32cubeide/plugins/com.st.stm32cube.ide.mcu.externaltools.gnu-tools-for-stm32.9-2020-q2-update.win32_2.0.0.202105311346/tools/bin/../lib/gcc/arm-none-eabi/9.3.1/../../../../arm-none-eabi/lib/thumb/v7-m/nofp\libnosys.a
END GROUP
START GROUP
LOAD c:/st/stm32cubeide_1.7.0/stm32cubeide/plugins/com.st.stm32cube.ide.mcu.externaltools.gnu-tools-for-stm32.9-2020-q2-update.win32_2.0.0.202105311346/tools/bin/../lib/gcc/arm-none-eabi/9.3.1/thumb/v7-m/nofp\libgcc.a
LOAD c:/st/stm32cubeide_1.7.0/stm32cubeide/plugins/com.st.stm32cube.ide.mcu.externaltools.gnu-tools-for-stm32.9-2020-q2-update.win32_2.0.0.202105311346/tools/bin/../lib/gcc/arm-none-eabi/9.3.1/../../../../arm-none-eabi/lib/thumb/v7-m/nofp\libc_nano.a
LOAD c:/st/stm32cubeide_1.7.0/stm32cubeide/plugins/com.st.stm32cube.ide.mcu.externaltools.gnu-tools-for-stm32.9-2020-q2-update.win32_2.0.0.202105311346/tools/bin/../lib/gcc/arm-none-eabi/9.3.1/../../../../arm-none-eabi/lib/thumb/v7-m/nofp\libnosys.a
END GROUP
LOAD c:/st/stm32cubeide_1.7.0/stm32cubeide/plugins/com.st.stm32cube.ide.mcu.externaltools.gnu-tools-for-stm32.9-2020-q2-update.win32_2.0.0.202105311346/tools/bin/../lib/gcc/arm-none-eabi/9.3.1/thumb/v7-m/nofp/crtend.o
LOAD c:/st/stm32cubeide_1.7.0/stm32cubeide/plugins/com.st.stm32cube.ide.mcu.externaltools.gnu-tools-for-stm32.9-2020-q2-update.win32_2.0.0.202105311346/tools/bin/../lib/gcc/arm-none-eabi/9.3.1/thumb/v7-m/nofp/crtn.o
                0x0000000020005000                _estack = (ORIGIN (RAM) + LENGTH (RAM))
                0x0000000000000200                _Min_Heap_Size = 0x200
                0x0000000000000400                _Min_Stack_Size = 0x400

.isr_vector     0x0000000008000000      0x10c
                0x0000000008000000                . = ALIGN (0x4)
 *(.isr_vector)
 .isr_vector    0x0000000008000000      0x10c ./Core/Startup/startup_stm32f103c8tx.o
                0x0000000008000000                g_pfnVectors
                0x000000000800010c                . = ALIGN (0x4)

.text           0x0000000008000110     0x8140
                0x0000000008000110                . = ALIGN (0x4)
 *(.text)
 .text          0x0000000008000110       0x40 c:/st/stm32cubeide_1.7.0/stm32cubeide/plugins/com.st.stm32cube.ide.mcu.externaltools.gnu-tools-for-stm32.9-2020-q2-update.win32_2.0.0.202105311346/tools/bin/../lib/gcc/arm-none-eabi/9.3.1/thumb/v7-m/nofp/crtbegin.o
 .text          0x0000000008000150      0x378 c:/st/stm32cubeide_1.7.0/stm32cubeide/plugins/com.st.stm32cube.ide.mcu.externaltools.gnu-tools-for-stm32.9-2020-q2-update.win32_2.0.0.202105311346/tools/bin/../lib/gcc/arm-none-eabi/9.3.1/thumb/v7-m/nofp\libgcc.a(_arm_addsubdf3.o)
                0x0000000008000150                __aeabi_drsub
                0x0000000008000158                __aeabi_dsub
                0x0000000008000158                __subdf3
                0x000000000800015c                __aeabi_dadd
                0x000000000800015c                __adddf3
                0x00000000080003d4                __floatunsidf
                0x00000000080003d4                __aeabi_ui2d
                0x00000000080003f4                __floatsidf
                0x00000000080003f4                __aeabi_i2d
                0x0000000008000418                __aeabi_f2d
                0x0000000008000418                __extendsfdf2
                0x000000000800045c                __floatundidf
                0x000000000800045c                __aeabi_ul2d
                0x000000000800046c                __floatdidf
                0x000000000800046c                __aeabi_l2d
 .text          0x00000000080004c8      0x424 c:/st/stm32cubeide_1.7.0/stm32cubeide/plugins/com.st.stm32cube.ide.mcu.externaltools.gnu-tools-for-stm32.9-2020-q2-update.win32_2.0.0.202105311346/tools/bin/../lib/gcc/arm-none-eabi/9.3.1/thumb/v7-m/nofp\libgcc.a(_arm_muldivdf3.o)
                0x00000000080004c8                __aeabi_dmul
                0x00000000080004c8                __muldf3
                0x000000000800071c                __divdf3
                0x000000000800071c                __aeabi_ddiv
 .text          0x00000000080008ec      0x110 c:/st/stm32cubeide_1.7.0/stm32cubeide/plugins/com.st.stm32cube.ide.mcu.externaltools.gnu-tools-for-stm32.9-2020-q2-update.win32_2.0.0.202105311346/tools/bin/../lib/gcc/arm-none-eabi/9.3.1/thumb/v7-m/nofp\libgcc.a(_arm_cmpdf2.o)
                0x00000000080008ec                __gtdf2
                0x00000000080008ec                __gedf2
                0x00000000080008f4                __ltdf2
                0x00000000080008f4                __ledf2
                0x00000000080008fc                __nedf2
                0x00000000080008fc                __eqdf2
                0x00000000080008fc                __cmpdf2
                0x0000000008000978                __aeabi_cdrcmple
                0x0000000008000988                __aeabi_cdcmpeq
                0x0000000008000988                __aeabi_cdcmple
                0x0000000008000998                __aeabi_dcmpeq
                0x00000000080009ac                __aeabi_dcmplt
                0x00000000080009c0                __aeabi_dcmple
                0x00000000080009d4                __aeabi_dcmpge
                0x00000000080009e8                __aeabi_dcmpgt
 .text          0x00000000080009fc       0x2c c:/st/stm32cubeide_1.7.0/stm32cubeide/plugins/com.st.stm32cube.ide.mcu.externaltools.gnu-tools-for-stm32.9-2020-q2-update.win32_2.0.0.202105311346/tools/bin/../lib/gcc/arm-none-eabi/9.3.1/thumb/v7-m/nofp\libgcc.a(_arm_unorddf2.o)
                0x00000000080009fc                __unorddf2
                0x00000000080009fc                __aeabi_dcmpun
 .text          0x0000000008000a28       0xa0 c:/st/stm32cubeide_1.7.0/stm32cubeide/plugins/com.st.stm32cube.ide.mcu.externaltools.gnu-tools-for-stm32.9-2020-q2-update.win32_2.0.0.202105311346/tools/bin/../lib/gcc/arm-none-eabi/9.3.1/thumb/v7-m/nofp\libgcc.a(_arm_truncdfsf2.o)
                0x0000000008000a28                __truncdfsf2
                0x0000000008000a28                __aeabi_d2f
 .text          0x0000000008000ac8      0x21c c:/st/stm32cubeide_1.7.0/stm32cubeide/plugins/com.st.stm32cube.ide.mcu.externaltools.gnu-tools-for-stm32.9-2020-q2-update.win32_2.0.0.202105311346/tools/bin/../lib/gcc/arm-none-eabi/9.3.1/thumb/v7-m/nofp\libgcc.a(_arm_addsubsf3.o)
                0x0000000008000ac8                __aeabi_frsub
                0x0000000008000ad0                __subsf3
                0x0000000008000ad0                __aeabi_fsub
                0x0000000008000ad4                __aeabi_fadd
                0x0000000008000ad4                __addsf3
                0x0000000008000c34                __aeabi_ui2f
                0x0000000008000c34                __floatunsisf
                0x0000000008000c3c                __aeabi_i2f
                0x0000000008000c3c                __floatsisf
                0x0000000008000c58                __aeabi_ul2f
                0x0000000008000c58                __floatundisf
                0x0000000008000c68                __aeabi_l2f
                0x0000000008000c68                __floatdisf
 .text          0x0000000008000ce4      0x2a0 c:/st/stm32cubeide_1.7.0/stm32cubeide/plugins/com.st.stm32cube.ide.mcu.externaltools.gnu-tools-for-stm32.9-2020-q2-update.win32_2.0.0.202105311346/tools/bin/../lib/gcc/arm-none-eabi/9.3.1/thumb/v7-m/nofp\libgcc.a(_arm_muldivsf3.o)
                0x0000000008000ce4                __mulsf3
                0x0000000008000ce4                __aeabi_fmul
                0x0000000008000e4c                __aeabi_fdiv
                0x0000000008000e4c                __divsf3
 .text          0x0000000008000f84       0x40 c:/st/stm32cubeide_1.7.0/stm32cubeide/plugins/com.st.stm32cube.ide.mcu.externaltools.gnu-tools-for-stm32.9-2020-q2-update.win32_2.0.0.202105311346/tools/bin/../lib/gcc/arm-none-eabi/9.3.1/thumb/v7-m/nofp\libgcc.a(_arm_fixunssfsi.o)
                0x0000000008000f84                __fixunssfsi
                0x0000000008000f84                __aeabi_f2uiz
 *(.text*)
 .text.HAL_UART_TxCpltCallback
                0x0000000008000fc4       0x38 ./Core/Src/Communication.o
                0x0000000008000fc4                HAL_UART_TxCpltCallback
 .text.HAL_UART_RxCpltCallback
                0x0000000008000ffc       0x60 ./Core/Src/Communication.o
                0x0000000008000ffc                HAL_UART_RxCpltCallback
 .text.mag_kalibrasyon_paket_olustur
                0x000000000800105c      0x198 ./Core/Src/Communication.o
                0x000000000800105c                mag_kalibrasyon_paket_olustur
 .text.paket_coz
                0x00000000080011f4      0x89c ./Core/Src/Communication.o
                0x00000000080011f4                paket_coz
 .text.Clear_Tag_Counter
                0x0000000008001a90       0x30 ./Core/Src/GPS.o
                0x0000000008001a90                Clear_Tag_Counter
 .text.Tag_Data_Sum
                0x0000000008001ac0       0x3e ./Core/Src/GPS.o
                0x0000000008001ac0                Tag_Data_Sum
 *fill*         0x0000000008001afe        0x2 
 .text.Latitude_Calculator
                0x0000000008001b00      0x1ac ./Core/Src/GPS.o
                0x0000000008001b00                Latitude_Calculator
 *fill*         0x0000000008001cac        0x4 
 .text.Longitude_Calculator
                0x0000000008001cb0      0x1d4 ./Core/Src/GPS.o
                0x0000000008001cb0                Longitude_Calculator
 *fill*         0x0000000008001e84        0x4 
 .text.Altitude_Calculator
                0x0000000008001e88       0xf8 ./Core/Src/GPS.o
                0x0000000008001e88                Altitude_Calculator
 .text.Satellite_Calculator
                0x0000000008001f80       0x60 ./Core/Src/GPS.o
                0x0000000008001f80                Satellite_Calculator
 .text.Speed_Calculator
                0x0000000008001fe0      0x13c ./Core/Src/GPS.o
                0x0000000008001fe0                Speed_Calculator
 .text.Separation_GNVTG
                0x000000000800211c      0x128 ./Core/Src/GPS.o
                0x000000000800211c                Separation_GNVTG
 .text.Separation_GNGGA
                0x0000000008002244      0x21c ./Core/Src/GPS.o
                0x0000000008002244                Separation_GNGGA
 .text.Separation_GNGLL
                0x0000000008002460       0xf4 ./Core/Src/GPS.o
                0x0000000008002460                Separation_GNGLL
 .text.Separation_GNRMC
                0x0000000008002554      0x1c4 ./Core/Src/GPS.o
                0x0000000008002554                Separation_GNRMC
 .text.Tag_Separation
                0x0000000008002718       0xf8 ./Core/Src/GPS.o
                0x0000000008002718                Tag_Separation
 .text.GPS_main
                0x0000000008002810      0x248 ./Core/Src/GPS.o
                0x0000000008002810                GPS_main
 .text.FLOAT32_birlestir
                0x0000000008002a58       0x68 ./Core/Src/Paket_Islemleri.o
                0x0000000008002a58                FLOAT32_birlestir
 .text.UINT16_ayir
                0x0000000008002ac0       0x42 ./Core/Src/Paket_Islemleri.o
                0x0000000008002ac0                UINT16_ayir
 .text.UINT16_birlestir
                0x0000000008002b02       0x44 ./Core/Src/Paket_Islemleri.o
                0x0000000008002b02                UINT16_birlestir
 .text.INT16_ayir
                0x0000000008002b46       0x42 ./Core/Src/Paket_Islemleri.o
                0x0000000008002b46                INT16_ayir
 .text.INT16_birlestir
                0x0000000008002b88       0x44 ./Core/Src/Paket_Islemleri.o
                0x0000000008002b88                INT16_birlestir
 .text.UINT8_birlestir
                0x0000000008002bcc       0x32 ./Core/Src/Paket_Islemleri.o
                0x0000000008002bcc                UINT8_birlestir
 *fill*         0x0000000008002bfe        0x2 
 .text.HAL_TIM_IC_CaptureCallback
                0x0000000008002c00      0x2a4 ./Core/Src/ReadPPM.o
                0x0000000008002c00                HAL_TIM_IC_CaptureCallback
 .text.Flight_Mode_Control
                0x0000000008002ea4       0x8c ./Core/Src/ReadPPM.o
                0x0000000008002ea4                Flight_Mode_Control
 .text.main     0x0000000008002f30       0x3a ./Core/Src/main.o
                0x0000000008002f30                main
 .text.SystemClock_Config
                0x0000000008002f6a       0xba ./Core/Src/main.o
                0x0000000008002f6a                SystemClock_Config
 .text.MX_ADC1_Init
                0x0000000008003024       0x98 ./Core/Src/main.o
 .text.MX_I2C2_Init
                0x00000000080030bc       0x5c ./Core/Src/main.o
 .text.MX_IWDG_Init
                0x0000000008003118       0x34 ./Core/Src/main.o
 .text.MX_SPI1_Init
                0x000000000800314c       0x6c ./Core/Src/main.o
 .text.MX_TIM1_Init
                0x00000000080031b8       0xa0 ./Core/Src/main.o
 .text.MX_TIM3_Init
                0x0000000008003258       0xa8 ./Core/Src/main.o
 .text.MX_TIM4_Init
                0x0000000008003300       0xf8 ./Core/Src/main.o
 .text.MX_USART1_UART_Init
                0x00000000080033f8       0x54 ./Core/Src/main.o
 .text.MX_USART2_UART_Init
                0x000000000800344c       0x54 ./Core/Src/main.o
 .text.MX_DMA_Init
                0x00000000080034a0       0x3c ./Core/Src/main.o
 .text.MX_GPIO_Init
                0x00000000080034dc      0x10c ./Core/Src/main.o
 .text.Error_Handler
                0x00000000080035e8        0xa ./Core/Src/main.o
                0x00000000080035e8                Error_Handler
 *fill*         0x00000000080035f2        0x2 
 .text.HAL_MspInit
                0x00000000080035f4       0x64 ./Core/Src/stm32f1xx_hal_msp.o
                0x00000000080035f4                HAL_MspInit
 .text.HAL_ADC_MspInit
                0x0000000008003658       0xd4 ./Core/Src/stm32f1xx_hal_msp.o
                0x0000000008003658                HAL_ADC_MspInit
 .text.HAL_I2C_MspInit
                0x000000000800372c       0x80 ./Core/Src/stm32f1xx_hal_msp.o
                0x000000000800372c                HAL_I2C_MspInit
 .text.HAL_SPI_MspInit
                0x00000000080037ac       0xb4 ./Core/Src/stm32f1xx_hal_msp.o
                0x00000000080037ac                HAL_SPI_MspInit
 .text.HAL_TIM_Base_MspInit
                0x0000000008003860       0x3c ./Core/Src/stm32f1xx_hal_msp.o
                0x0000000008003860                HAL_TIM_Base_MspInit
 .text.HAL_TIM_IC_MspInit
                0x000000000800389c       0x8c ./Core/Src/stm32f1xx_hal_msp.o
                0x000000000800389c                HAL_TIM_IC_MspInit
 .text.HAL_TIM_PWM_MspInit
                0x0000000008003928       0x3c ./Core/Src/stm32f1xx_hal_msp.o
                0x0000000008003928                HAL_TIM_PWM_MspInit
 .text.HAL_TIM_MspPostInit
                0x0000000008003964       0x68 ./Core/Src/stm32f1xx_hal_msp.o
                0x0000000008003964                HAL_TIM_MspPostInit
 .text.HAL_UART_MspInit
                0x00000000080039cc      0x128 ./Core/Src/stm32f1xx_hal_msp.o
                0x00000000080039cc                HAL_UART_MspInit
 .text.NMI_Handler
                0x0000000008003af4        0x6 ./Core/Src/stm32f1xx_it.o
                0x0000000008003af4                NMI_Handler
 .text.HardFault_Handler
                0x0000000008003afa        0x6 ./Core/Src/stm32f1xx_it.o
                0x0000000008003afa                HardFault_Handler
 .text.MemManage_Handler
                0x0000000008003b00        0x6 ./Core/Src/stm32f1xx_it.o
                0x0000000008003b00                MemManage_Handler
 .text.BusFault_Handler
                0x0000000008003b06        0x6 ./Core/Src/stm32f1xx_it.o
                0x0000000008003b06                BusFault_Handler
 .text.UsageFault_Handler
                0x0000000008003b0c        0x6 ./Core/Src/stm32f1xx_it.o
                0x0000000008003b0c                UsageFault_Handler
 .text.SVC_Handler
                0x0000000008003b12        0xc ./Core/Src/stm32f1xx_it.o
                0x0000000008003b12                SVC_Handler
 .text.DebugMon_Handler
                0x0000000008003b1e        0xc ./Core/Src/stm32f1xx_it.o
                0x0000000008003b1e                DebugMon_Handler
 .text.PendSV_Handler
                0x0000000008003b2a        0xc ./Core/Src/stm32f1xx_it.o
                0x0000000008003b2a                PendSV_Handler
 .text.SysTick_Handler
                0x0000000008003b36        0xc ./Core/Src/stm32f1xx_it.o
                0x0000000008003b36                SysTick_Handler
 *fill*         0x0000000008003b42        0x2 
 .text.DMA1_Channel1_IRQHandler
                0x0000000008003b44       0x14 ./Core/Src/stm32f1xx_it.o
                0x0000000008003b44                DMA1_Channel1_IRQHandler
 .text.TIM3_IRQHandler
                0x0000000008003b58       0x14 ./Core/Src/stm32f1xx_it.o
                0x0000000008003b58                TIM3_IRQHandler
 .text.USART1_IRQHandler
                0x0000000008003b6c       0x14 ./Core/Src/stm32f1xx_it.o
                0x0000000008003b6c                USART1_IRQHandler
 .text.USART2_IRQHandler
                0x0000000008003b80       0x14 ./Core/Src/stm32f1xx_it.o
                0x0000000008003b80                USART2_IRQHandler
 .text.SystemInit
                0x0000000008003b94        0xc ./Core/Src/system_stm32f1xx.o
                0x0000000008003b94                SystemInit
 .text.Reset_Handler
                0x0000000008003ba0       0x48 ./Core/Startup/startup_stm32f103c8tx.o
                0x0000000008003ba0                Reset_Handler
 .text.Default_Handler
                0x0000000008003be8        0x2 ./Core/Startup/startup_stm32f103c8tx.o
                0x0000000008003be8                RTC_Alarm_IRQHandler
                0x0000000008003be8                EXTI2_IRQHandler
                0x0000000008003be8                TIM1_CC_IRQHandler
                0x0000000008003be8                PVD_IRQHandler
                0x0000000008003be8                EXTI3_IRQHandler
                0x0000000008003be8                EXTI0_IRQHandler
                0x0000000008003be8                I2C2_EV_IRQHandler
                0x0000000008003be8                ADC1_2_IRQHandler
                0x0000000008003be8                SPI1_IRQHandler
                0x0000000008003be8                TAMPER_IRQHandler
                0x0000000008003be8                DMA1_Channel4_IRQHandler
                0x0000000008003be8                USART3_IRQHandler
                0x0000000008003be8                RTC_IRQHandler
                0x0000000008003be8                DMA1_Channel7_IRQHandler
                0x0000000008003be8                CAN1_RX1_IRQHandler
                0x0000000008003be8                TIM4_IRQHandler
                0x0000000008003be8                I2C1_EV_IRQHandler
                0x0000000008003be8                DMA1_Channel6_IRQHandler
                0x0000000008003be8                RCC_IRQHandler
                0x0000000008003be8                TIM1_TRG_COM_IRQHandler
                0x0000000008003be8                Default_Handler
                0x0000000008003be8                EXTI15_10_IRQHandler
                0x0000000008003be8                EXTI9_5_IRQHandler
                0x0000000008003be8                SPI2_IRQHandler
                0x0000000008003be8                DMA1_Channel5_IRQHandler
                0x0000000008003be8                EXTI4_IRQHandler
                0x0000000008003be8                USB_LP_CAN1_RX0_IRQHandler
                0x0000000008003be8                USB_HP_CAN1_TX_IRQHandler
                0x0000000008003be8                DMA1_Channel3_IRQHandler
                0x0000000008003be8                TIM1_UP_IRQHandler
                0x0000000008003be8                WWDG_IRQHandler
                0x0000000008003be8                TIM2_IRQHandler
                0x0000000008003be8                TIM1_BRK_IRQHandler
                0x0000000008003be8                EXTI1_IRQHandler
                0x0000000008003be8                I2C2_ER_IRQHandler
                0x0000000008003be8                DMA1_Channel2_IRQHandler
                0x0000000008003be8                CAN1_SCE_IRQHandler
                0x0000000008003be8                FLASH_IRQHandler
                0x0000000008003be8                I2C1_ER_IRQHandler
                0x0000000008003be8                USBWakeUp_IRQHandler
 *fill*         0x0000000008003bea        0x2 
 .text.HAL_Init
                0x0000000008003bec       0x2c ./Drivers/STM32F1xx_HAL_Driver/Src/stm32f1xx_hal.o
                0x0000000008003bec                HAL_Init
 .text.HAL_InitTick
                0x0000000008003c18       0x60 ./Drivers/STM32F1xx_HAL_Driver/Src/stm32f1xx_hal.o
                0x0000000008003c18                HAL_InitTick
 .text.HAL_IncTick
                0x0000000008003c78       0x24 ./Drivers/STM32F1xx_HAL_Driver/Src/stm32f1xx_hal.o
                0x0000000008003c78                HAL_IncTick
 .text.HAL_GetTick
                0x0000000008003c9c       0x14 ./Drivers/STM32F1xx_HAL_Driver/Src/stm32f1xx_hal.o
                0x0000000008003c9c                HAL_GetTick
 .text.HAL_ADC_Init
                0x0000000008003cb0      0x1b0 ./Drivers/STM32F1xx_HAL_Driver/Src/stm32f1xx_hal_adc.o
                0x0000000008003cb0                HAL_ADC_Init
 .text.HAL_ADC_ConfigChannel
                0x0000000008003e60      0x1f0 ./Drivers/STM32F1xx_HAL_Driver/Src/stm32f1xx_hal_adc.o
                0x0000000008003e60                HAL_ADC_ConfigChannel
 .text.ADC_ConversionStop_Disable
                0x0000000008004050       0x82 ./Drivers/STM32F1xx_HAL_Driver/Src/stm32f1xx_hal_adc.o
                0x0000000008004050                ADC_ConversionStop_Disable
 *fill*         0x00000000080040d2        0x2 
 .text.__NVIC_SetPriorityGrouping
                0x00000000080040d4       0x48 ./Drivers/STM32F1xx_HAL_Driver/Src/stm32f1xx_hal_cortex.o
 .text.__NVIC_GetPriorityGrouping
                0x000000000800411c       0x1c ./Drivers/STM32F1xx_HAL_Driver/Src/stm32f1xx_hal_cortex.o
 .text.__NVIC_EnableIRQ
                0x0000000008004138       0x38 ./Drivers/STM32F1xx_HAL_Driver/Src/stm32f1xx_hal_cortex.o
 .text.__NVIC_SetPriority
                0x0000000008004170       0x54 ./Drivers/STM32F1xx_HAL_Driver/Src/stm32f1xx_hal_cortex.o
 .text.NVIC_EncodePriority
                0x00000000080041c4       0x64 ./Drivers/STM32F1xx_HAL_Driver/Src/stm32f1xx_hal_cortex.o
 .text.SysTick_Config
                0x0000000008004228       0x44 ./Drivers/STM32F1xx_HAL_Driver/Src/stm32f1xx_hal_cortex.o
 .text.HAL_NVIC_SetPriorityGrouping
                0x000000000800426c       0x16 ./Drivers/STM32F1xx_HAL_Driver/Src/stm32f1xx_hal_cortex.o
                0x000000000800426c                HAL_NVIC_SetPriorityGrouping
 .text.HAL_NVIC_SetPriority
                0x0000000008004282       0x38 ./Drivers/STM32F1xx_HAL_Driver/Src/stm32f1xx_hal_cortex.o
                0x0000000008004282                HAL_NVIC_SetPriority
 .text.HAL_NVIC_EnableIRQ
                0x00000000080042ba       0x1c ./Drivers/STM32F1xx_HAL_Driver/Src/stm32f1xx_hal_cortex.o
                0x00000000080042ba                HAL_NVIC_EnableIRQ
 .text.HAL_SYSTICK_Config
                0x00000000080042d6       0x18 ./Drivers/STM32F1xx_HAL_Driver/Src/stm32f1xx_hal_cortex.o
                0x00000000080042d6                HAL_SYSTICK_Config
 *fill*         0x00000000080042ee        0x2 
 .text.HAL_DMA_Init
                0x00000000080042f0       0xb4 ./Drivers/STM32F1xx_HAL_Driver/Src/stm32f1xx_hal_dma.o
                0x00000000080042f0                HAL_DMA_Init
 .text.HAL_DMA_Abort
                0x00000000080043a4       0x74 ./Drivers/STM32F1xx_HAL_Driver/Src/stm32f1xx_hal_dma.o
                0x00000000080043a4                HAL_DMA_Abort
 .text.HAL_DMA_Abort_IT
                0x0000000008004418       0xec ./Drivers/STM32F1xx_HAL_Driver/Src/stm32f1xx_hal_dma.o
                0x0000000008004418                HAL_DMA_Abort_IT
 .text.HAL_DMA_IRQHandler
                0x0000000008004504      0x20c ./Drivers/STM32F1xx_HAL_Driver/Src/stm32f1xx_hal_dma.o
                0x0000000008004504                HAL_DMA_IRQHandler
 .text.HAL_GPIO_Init
                0x0000000008004710      0x308 ./Drivers/STM32F1xx_HAL_Driver/Src/stm32f1xx_hal_gpio.o
                0x0000000008004710                HAL_GPIO_Init
 .text.HAL_GPIO_WritePin
                0x0000000008004a18       0x30 ./Drivers/STM32F1xx_HAL_Driver/Src/stm32f1xx_hal_gpio.o
                0x0000000008004a18                HAL_GPIO_WritePin
 .text.HAL_I2C_Init
                0x0000000008004a48      0x288 ./Drivers/STM32F1xx_HAL_Driver/Src/stm32f1xx_hal_i2c.o
                0x0000000008004a48                HAL_I2C_Init
 .text.HAL_IWDG_Init
                0x0000000008004cd0       0x84 ./Drivers/STM32F1xx_HAL_Driver/Src/stm32f1xx_hal_iwdg.o
                0x0000000008004cd0                HAL_IWDG_Init
 .text.HAL_RCC_OscConfig
                0x0000000008004d54      0x500 ./Drivers/STM32F1xx_HAL_Driver/Src/stm32f1xx_hal_rcc.o
                0x0000000008004d54                HAL_RCC_OscConfig
 .text.HAL_RCC_ClockConfig
                0x0000000008005254      0x1d4 ./Drivers/STM32F1xx_HAL_Driver/Src/stm32f1xx_hal_rcc.o
                0x0000000008005254                HAL_RCC_ClockConfig
 .text.HAL_RCC_GetSysClockFreq
                0x0000000008005428       0xc0 ./Drivers/STM32F1xx_HAL_Driver/Src/stm32f1xx_hal_rcc.o
                0x0000000008005428                HAL_RCC_GetSysClockFreq
 .text.HAL_RCC_GetHCLKFreq
                0x00000000080054e8       0x14 ./Drivers/STM32F1xx_HAL_Driver/Src/stm32f1xx_hal_rcc.o
                0x00000000080054e8                HAL_RCC_GetHCLKFreq
 .text.HAL_RCC_GetPCLK1Freq
                0x00000000080054fc       0x28 ./Drivers/STM32F1xx_HAL_Driver/Src/stm32f1xx_hal_rcc.o
                0x00000000080054fc                HAL_RCC_GetPCLK1Freq
 .text.HAL_RCC_GetPCLK2Freq
                0x0000000008005524       0x28 ./Drivers/STM32F1xx_HAL_Driver/Src/stm32f1xx_hal_rcc.o
                0x0000000008005524                HAL_RCC_GetPCLK2Freq
 .text.RCC_Delay
                0x000000000800554c       0x3c ./Drivers/STM32F1xx_HAL_Driver/Src/stm32f1xx_hal_rcc.o
 .text.HAL_RCCEx_PeriphCLKConfig
                0x0000000008005588      0x16c ./Drivers/STM32F1xx_HAL_Driver/Src/stm32f1xx_hal_rcc_ex.o
                0x0000000008005588                HAL_RCCEx_PeriphCLKConfig
 .text.HAL_SPI_Init
                0x00000000080056f4      0x108 ./Drivers/STM32F1xx_HAL_Driver/Src/stm32f1xx_hal_spi.o
                0x00000000080056f4                HAL_SPI_Init
 .text.HAL_TIM_Base_Init
                0x00000000080057fc       0x9e ./Drivers/STM32F1xx_HAL_Driver/Src/stm32f1xx_hal_tim.o
                0x00000000080057fc                HAL_TIM_Base_Init
 .text.HAL_TIM_PWM_Init
                0x000000000800589a       0x9e ./Drivers/STM32F1xx_HAL_Driver/Src/stm32f1xx_hal_tim.o
                0x000000000800589a                HAL_TIM_PWM_Init
 .text.HAL_TIM_IC_Init
                0x0000000008005938       0x9e ./Drivers/STM32F1xx_HAL_Driver/Src/stm32f1xx_hal_tim.o
                0x0000000008005938                HAL_TIM_IC_Init
 .text.HAL_TIM_IRQHandler
                0x00000000080059d6      0x210 ./Drivers/STM32F1xx_HAL_Driver/Src/stm32f1xx_hal_tim.o
                0x00000000080059d6                HAL_TIM_IRQHandler
 .text.HAL_TIM_IC_ConfigChannel
                0x0000000008005be6      0x128 ./Drivers/STM32F1xx_HAL_Driver/Src/stm32f1xx_hal_tim.o
                0x0000000008005be6                HAL_TIM_IC_ConfigChannel
 *fill*         0x0000000008005d0e        0x2 
 .text.HAL_TIM_PWM_ConfigChannel
                0x0000000008005d10      0x17c ./Drivers/STM32F1xx_HAL_Driver/Src/stm32f1xx_hal_tim.o
                0x0000000008005d10                HAL_TIM_PWM_ConfigChannel
 .text.HAL_TIM_ConfigClockSource
                0x0000000008005e8c      0x188 ./Drivers/STM32F1xx_HAL_Driver/Src/stm32f1xx_hal_tim.o
                0x0000000008005e8c                HAL_TIM_ConfigClockSource
 .text.HAL_TIM_PeriodElapsedCallback
                0x0000000008006014       0x12 ./Drivers/STM32F1xx_HAL_Driver/Src/stm32f1xx_hal_tim.o
                0x0000000008006014                HAL_TIM_PeriodElapsedCallback
 .text.HAL_TIM_OC_DelayElapsedCallback
                0x0000000008006026       0x12 ./Drivers/STM32F1xx_HAL_Driver/Src/stm32f1xx_hal_tim.o
                0x0000000008006026                HAL_TIM_OC_DelayElapsedCallback
 .text.HAL_TIM_PWM_PulseFinishedCallback
                0x0000000008006038       0x12 ./Drivers/STM32F1xx_HAL_Driver/Src/stm32f1xx_hal_tim.o
                0x0000000008006038                HAL_TIM_PWM_PulseFinishedCallback
 .text.HAL_TIM_TriggerCallback
                0x000000000800604a       0x12 ./Drivers/STM32F1xx_HAL_Driver/Src/stm32f1xx_hal_tim.o
                0x000000000800604a                HAL_TIM_TriggerCallback
 .text.TIM_Base_SetConfig
                0x000000000800605c       0xc4 ./Drivers/STM32F1xx_HAL_Driver/Src/stm32f1xx_hal_tim.o
                0x000000000800605c                TIM_Base_SetConfig
 .text.TIM_OC1_SetConfig
                0x0000000008006120       0xcc ./Drivers/STM32F1xx_HAL_Driver/Src/stm32f1xx_hal_tim.o
 .text.TIM_OC2_SetConfig
                0x00000000080061ec       0xd4 ./Drivers/STM32F1xx_HAL_Driver/Src/stm32f1xx_hal_tim.o
                0x00000000080061ec                TIM_OC2_SetConfig
 .text.TIM_OC3_SetConfig
                0x00000000080062c0       0xd4 ./Drivers/STM32F1xx_HAL_Driver/Src/stm32f1xx_hal_tim.o
 .text.TIM_OC4_SetConfig
                0x0000000008006394       0x9c ./Drivers/STM32F1xx_HAL_Driver/Src/stm32f1xx_hal_tim.o
 .text.TIM_TI1_SetConfig
                0x0000000008006430       0xb4 ./Drivers/STM32F1xx_HAL_Driver/Src/stm32f1xx_hal_tim.o
                0x0000000008006430                TIM_TI1_SetConfig
 .text.TIM_TI1_ConfigInputStage
                0x00000000080064e4       0x5c ./Drivers/STM32F1xx_HAL_Driver/Src/stm32f1xx_hal_tim.o
 .text.TIM_TI2_SetConfig
                0x0000000008006540       0x78 ./Drivers/STM32F1xx_HAL_Driver/Src/stm32f1xx_hal_tim.o
 .text.TIM_TI2_ConfigInputStage
                0x00000000080065b8       0x5e ./Drivers/STM32F1xx_HAL_Driver/Src/stm32f1xx_hal_tim.o
 .text.TIM_TI3_SetConfig
                0x0000000008006616       0x76 ./Drivers/STM32F1xx_HAL_Driver/Src/stm32f1xx_hal_tim.o
 .text.TIM_TI4_SetConfig
                0x000000000800668c       0x78 ./Drivers/STM32F1xx_HAL_Driver/Src/stm32f1xx_hal_tim.o
 .text.TIM_ITRx_SetConfig
                0x0000000008006704       0x34 ./Drivers/STM32F1xx_HAL_Driver/Src/stm32f1xx_hal_tim.o
 .text.TIM_ETR_SetConfig
                0x0000000008006738       0x3e ./Drivers/STM32F1xx_HAL_Driver/Src/stm32f1xx_hal_tim.o
                0x0000000008006738                TIM_ETR_SetConfig
 *fill*         0x0000000008006776        0x2 
 .text.HAL_TIMEx_MasterConfigSynchronization
                0x0000000008006778       0xbc ./Drivers/STM32F1xx_HAL_Driver/Src/stm32f1xx_hal_tim_ex.o
                0x0000000008006778                HAL_TIMEx_MasterConfigSynchronization
 .text.HAL_TIMEx_CommutCallback
                0x0000000008006834       0x12 ./Drivers/STM32F1xx_HAL_Driver/Src/stm32f1xx_hal_tim_ex.o
                0x0000000008006834                HAL_TIMEx_CommutCallback
 .text.HAL_TIMEx_BreakCallback
                0x0000000008006846       0x12 ./Drivers/STM32F1xx_HAL_Driver/Src/stm32f1xx_hal_tim_ex.o
                0x0000000008006846                HAL_TIMEx_BreakCallback
 .text.HAL_UART_Init
                0x0000000008006858       0x9a ./Drivers/STM32F1xx_HAL_Driver/Src/stm32f1xx_hal_uart.o
                0x0000000008006858                HAL_UART_Init
 .text.HAL_UART_Transmit
                0x00000000080068f2      0x124 ./Drivers/STM32F1xx_HAL_Driver/Src/stm32f1xx_hal_uart.o
                0x00000000080068f2                HAL_UART_Transmit
 .text.HAL_UART_Receive_IT
                0x0000000008006a16       0x60 ./Drivers/STM32F1xx_HAL_Driver/Src/stm32f1xx_hal_uart.o
                0x0000000008006a16                HAL_UART_Receive_IT
 *fill*         0x0000000008006a76        0x2 
 .text.HAL_UART_IRQHandler
                0x0000000008006a78      0x354 ./Drivers/STM32F1xx_HAL_Driver/Src/stm32f1xx_hal_uart.o
                0x0000000008006a78                HAL_UART_IRQHandler
 .text.HAL_UART_ErrorCallback
                0x0000000008006dcc       0x12 ./Drivers/STM32F1xx_HAL_Driver/Src/stm32f1xx_hal_uart.o
                0x0000000008006dcc                HAL_UART_ErrorCallback
 .text.HAL_UARTEx_RxEventCallback
                0x0000000008006dde       0x16 ./Drivers/STM32F1xx_HAL_Driver/Src/stm32f1xx_hal_uart.o
                0x0000000008006dde                HAL_UARTEx_RxEventCallback
 .text.UART_WaitOnFlagUntilTimeout
                0x0000000008006df4       0x94 ./Drivers/STM32F1xx_HAL_Driver/Src/stm32f1xx_hal_uart.o
 .text.UART_Start_Receive_IT
                0x0000000008006e88       0x72 ./Drivers/STM32F1xx_HAL_Driver/Src/stm32f1xx_hal_uart.o
                0x0000000008006e88                UART_Start_Receive_IT
 .text.UART_EndRxTransfer
                0x0000000008006efa       0x58 ./Drivers/STM32F1xx_HAL_Driver/Src/stm32f1xx_hal_uart.o
 .text.UART_DMAAbortOnError
                0x0000000008006f52       0x28 ./Drivers/STM32F1xx_HAL_Driver/Src/stm32f1xx_hal_uart.o
 .text.UART_Transmit_IT
                0x0000000008006f7a       0x9e ./Drivers/STM32F1xx_HAL_Driver/Src/stm32f1xx_hal_uart.o
 .text.UART_EndTransmit_IT
                0x0000000008007018       0x30 ./Drivers/STM32F1xx_HAL_Driver/Src/stm32f1xx_hal_uart.o
 .text.UART_Receive_IT
                0x0000000008007048      0x152 ./Drivers/STM32F1xx_HAL_Driver/Src/stm32f1xx_hal_uart.o
 *fill*         0x000000000800719a        0x2 
 .text.UART_SetConfig
                0x000000000800719c      0x11c ./Drivers/STM32F1xx_HAL_Driver/Src/stm32f1xx_hal_uart.o
 .text.pow      0x00000000080072b8      0x158 c:/st/stm32cubeide_1.7.0/stm32cubeide/plugins/com.st.stm32cube.ide.mcu.externaltools.gnu-tools-for-stm32.9-2020-q2-update.win32_2.0.0.202105311346/tools/bin/../lib/gcc/arm-none-eabi/9.3.1/../../../../arm-none-eabi/lib/thumb/v7-m/nofp\libm.a(lib_a-w_pow.o)
                0x00000000080072b8                pow
 .text.__ieee754_pow
                0x0000000008007410      0xa2c c:/st/stm32cubeide_1.7.0/stm32cubeide/plugins/com.st.stm32cube.ide.mcu.externaltools.gnu-tools-for-stm32.9-2020-q2-update.win32_2.0.0.202105311346/tools/bin/../lib/gcc/arm-none-eabi/9.3.1/../../../../arm-none-eabi/lib/thumb/v7-m/nofp\libm.a(lib_a-e_pow.o)
                0x0000000008007410                __ieee754_pow
 .text.__ieee754_sqrt
                0x0000000008007e3c      0x158 c:/st/stm32cubeide_1.7.0/stm32cubeide/plugins/com.st.stm32cube.ide.mcu.externaltools.gnu-tools-for-stm32.9-2020-q2-update.win32_2.0.0.202105311346/tools/bin/../lib/gcc/arm-none-eabi/9.3.1/../../../../arm-none-eabi/lib/thumb/v7-m/nofp\libm.a(lib_a-e_sqrt.o)
                0x0000000008007e3c                __ieee754_sqrt
 .text.fabs     0x0000000008007f94        0x6 c:/st/stm32cubeide_1.7.0/stm32cubeide/plugins/com.st.stm32cube.ide.mcu.externaltools.gnu-tools-for-stm32.9-2020-q2-update.win32_2.0.0.202105311346/tools/bin/../lib/gcc/arm-none-eabi/9.3.1/../../../../arm-none-eabi/lib/thumb/v7-m/nofp\libm.a(lib_a-s_fabs.o)
                0x0000000008007f94                fabs
 .text.finite   0x0000000008007f9a        0xc c:/st/stm32cubeide_1.7.0/stm32cubeide/plugins/com.st.stm32cube.ide.mcu.externaltools.gnu-tools-for-stm32.9-2020-q2-update.win32_2.0.0.202105311346/tools/bin/../lib/gcc/arm-none-eabi/9.3.1/../../../../arm-none-eabi/lib/thumb/v7-m/nofp\libm.a(lib_a-s_finite.o)
                0x0000000008007f9a                finite
 *fill*         0x0000000008007fa6        0x2 
 .text.nan      0x0000000008007fa8        0xc c:/st/stm32cubeide_1.7.0/stm32cubeide/plugins/com.st.stm32cube.ide.mcu.externaltools.gnu-tools-for-stm32.9-2020-q2-update.win32_2.0.0.202105311346/tools/bin/../lib/gcc/arm-none-eabi/9.3.1/../../../../arm-none-eabi/lib/thumb/v7-m/nofp\libm.a(lib_a-s_nan.o)
                0x0000000008007fa8                nan
 .text.rint     0x0000000008007fb4      0x114 c:/st/stm32cubeide_1.7.0/stm32cubeide/plugins/com.st.stm32cube.ide.mcu.externaltools.gnu-tools-for-stm32.9-2020-q2-update.win32_2.0.0.202105311346/tools/bin/../lib/gcc/arm-none-eabi/9.3.1/../../../../arm-none-eabi/lib/thumb/v7-m/nofp\libm.a(lib_a-s_rint.o)
                0x0000000008007fb4                rint
 .text.scalbn   0x00000000080080c8      0x10c c:/st/stm32cubeide_1.7.0/stm32cubeide/plugins/com.st.stm32cube.ide.mcu.externaltools.gnu-tools-for-stm32.9-2020-q2-update.win32_2.0.0.202105311346/tools/bin/../lib/gcc/arm-none-eabi/9.3.1/../../../../arm-none-eabi/lib/thumb/v7-m/nofp\libm.a(lib_a-s_scalbn.o)
                0x00000000080080c8                scalbn
 .text.__errno  0x00000000080081d4        0xc c:/st/stm32cubeide_1.7.0/stm32cubeide/plugins/com.st.stm32cube.ide.mcu.externaltools.gnu-tools-for-stm32.9-2020-q2-update.win32_2.0.0.202105311346/tools/bin/../lib/gcc/arm-none-eabi/9.3.1/../../../../arm-none-eabi/lib/thumb/v7-m/nofp\libc_nano.a(lib_a-errno.o)
                0x00000000080081d4                __errno
 .text.__libc_init_array
                0x00000000080081e0       0x48 c:/st/stm32cubeide_1.7.0/stm32cubeide/plugins/com.st.stm32cube.ide.mcu.externaltools.gnu-tools-for-stm32.9-2020-q2-update.win32_2.0.0.202105311346/tools/bin/../lib/gcc/arm-none-eabi/9.3.1/../../../../arm-none-eabi/lib/thumb/v7-m/nofp\libc_nano.a(lib_a-init.o)
                0x00000000080081e0                __libc_init_array
 .text.memset   0x0000000008008228       0x10 c:/st/stm32cubeide_1.7.0/stm32cubeide/plugins/com.st.stm32cube.ide.mcu.externaltools.gnu-tools-for-stm32.9-2020-q2-update.win32_2.0.0.202105311346/tools/bin/../lib/gcc/arm-none-eabi/9.3.1/../../../../arm-none-eabi/lib/thumb/v7-m/nofp\libc_nano.a(lib_a-memset.o)
                0x0000000008008228                memset
 *(.glue_7)
 .glue_7        0x0000000008008238        0x0 linker stubs
 *(.glue_7t)
 .glue_7t       0x0000000008008238        0x0 linker stubs
 *(.eh_frame)
 .eh_frame      0x0000000008008238        0x0 c:/st/stm32cubeide_1.7.0/stm32cubeide/plugins/com.st.stm32cube.ide.mcu.externaltools.gnu-tools-for-stm32.9-2020-q2-update.win32_2.0.0.202105311346/tools/bin/../lib/gcc/arm-none-eabi/9.3.1/thumb/v7-m/nofp/crtbegin.o
 *(.init)
 .init          0x0000000008008238        0x4 c:/st/stm32cubeide_1.7.0/stm32cubeide/plugins/com.st.stm32cube.ide.mcu.externaltools.gnu-tools-for-stm32.9-2020-q2-update.win32_2.0.0.202105311346/tools/bin/../lib/gcc/arm-none-eabi/9.3.1/thumb/v7-m/nofp/crti.o
                0x0000000008008238                _init
 .init          0x000000000800823c        0x8 c:/st/stm32cubeide_1.7.0/stm32cubeide/plugins/com.st.stm32cube.ide.mcu.externaltools.gnu-tools-for-stm32.9-2020-q2-update.win32_2.0.0.202105311346/tools/bin/../lib/gcc/arm-none-eabi/9.3.1/thumb/v7-m/nofp/crtn.o
 *(.fini)
 .fini          0x0000000008008244        0x4 c:/st/stm32cubeide_1.7.0/stm32cubeide/plugins/com.st.stm32cube.ide.mcu.externaltools.gnu-tools-for-stm32.9-2020-q2-update.win32_2.0.0.202105311346/tools/bin/../lib/gcc/arm-none-eabi/9.3.1/thumb/v7-m/nofp/crti.o
                0x0000000008008244                _fini
 .fini          0x0000000008008248        0x8 c:/st/stm32cubeide_1.7.0/stm32cubeide/plugins/com.st.stm32cube.ide.mcu.externaltools.gnu-tools-for-stm32.9-2020-q2-update.win32_2.0.0.202105311346/tools/bin/../lib/gcc/arm-none-eabi/9.3.1/thumb/v7-m/nofp/crtn.o
                0x0000000008008250                . = ALIGN (0x4)
                0x0000000008008250                _etext = .

.vfp11_veneer   0x0000000008008250        0x0
 .vfp11_veneer  0x0000000008008250        0x0 linker stubs

.v4_bx          0x0000000008008250        0x0
 .v4_bx         0x0000000008008250        0x0 linker stubs

.iplt           0x0000000008008250        0x0
 .iplt          0x0000000008008250        0x0 c:/st/stm32cubeide_1.7.0/stm32cubeide/plugins/com.st.stm32cube.ide.mcu.externaltools.gnu-tools-for-stm32.9-2020-q2-update.win32_2.0.0.202105311346/tools/bin/../lib/gcc/arm-none-eabi/9.3.1/thumb/v7-m/nofp/crtbegin.o

.rodata         0x0000000008008250       0x70
                0x0000000008008250                . = ALIGN (0x4)
 *(.rodata)
 .rodata        0x0000000008008250       0x10 ./Drivers/STM32F1xx_HAL_Driver/Src/stm32f1xx_hal_rcc.o
 *(.rodata*)
 .rodata.AHBPrescTable
                0x0000000008008260       0x10 ./Core/Src/system_stm32f1xx.o
                0x0000000008008260                AHBPrescTable
 .rodata.APBPrescTable
                0x0000000008008270        0x8 ./Core/Src/system_stm32f1xx.o
                0x0000000008008270                APBPrescTable
 .rodata.__ieee754_pow.str1.1
                0x0000000008008278        0x1 c:/st/stm32cubeide_1.7.0/stm32cubeide/plugins/com.st.stm32cube.ide.mcu.externaltools.gnu-tools-for-stm32.9-2020-q2-update.win32_2.0.0.202105311346/tools/bin/../lib/gcc/arm-none-eabi/9.3.1/../../../../arm-none-eabi/lib/thumb/v7-m/nofp\libm.a(lib_a-e_pow.o)
 *fill*         0x0000000008008279        0x7 
 .rodata.bp     0x0000000008008280       0x10 c:/st/stm32cubeide_1.7.0/stm32cubeide/plugins/com.st.stm32cube.ide.mcu.externaltools.gnu-tools-for-stm32.9-2020-q2-update.win32_2.0.0.202105311346/tools/bin/../lib/gcc/arm-none-eabi/9.3.1/../../../../arm-none-eabi/lib/thumb/v7-m/nofp\libm.a(lib_a-e_pow.o)
 .rodata.dp_h   0x0000000008008290       0x10 c:/st/stm32cubeide_1.7.0/stm32cubeide/plugins/com.st.stm32cube.ide.mcu.externaltools.gnu-tools-for-stm32.9-2020-q2-update.win32_2.0.0.202105311346/tools/bin/../lib/gcc/arm-none-eabi/9.3.1/../../../../arm-none-eabi/lib/thumb/v7-m/nofp\libm.a(lib_a-e_pow.o)
 .rodata.dp_l   0x00000000080082a0       0x10 c:/st/stm32cubeide_1.7.0/stm32cubeide/plugins/com.st.stm32cube.ide.mcu.externaltools.gnu-tools-for-stm32.9-2020-q2-update.win32_2.0.0.202105311346/tools/bin/../lib/gcc/arm-none-eabi/9.3.1/../../../../arm-none-eabi/lib/thumb/v7-m/nofp\libm.a(lib_a-e_pow.o)
 .rodata.TWO52  0x00000000080082b0       0x10 c:/st/stm32cubeide_1.7.0/stm32cubeide/plugins/com.st.stm32cube.ide.mcu.externaltools.gnu-tools-for-stm32.9-2020-q2-update.win32_2.0.0.202105311346/tools/bin/../lib/gcc/arm-none-eabi/9.3.1/../../../../arm-none-eabi/lib/thumb/v7-m/nofp\libm.a(lib_a-s_rint.o)
                0x00000000080082c0                . = ALIGN (0x4)

.rel.dyn        0x00000000080082c0        0x0
 .rel.iplt      0x00000000080082c0        0x0 c:/st/stm32cubeide_1.7.0/stm32cubeide/plugins/com.st.stm32cube.ide.mcu.externaltools.gnu-tools-for-stm32.9-2020-q2-update.win32_2.0.0.202105311346/tools/bin/../lib/gcc/arm-none-eabi/9.3.1/thumb/v7-m/nofp/crtbegin.o

.ARM.extab      0x00000000080082c0        0x0
                0x00000000080082c0                . = ALIGN (0x4)
 *(.ARM.extab* .gnu.linkonce.armextab.*)
                0x00000000080082c0                . = ALIGN (0x4)

.ARM            0x00000000080082c0        0x0
                0x00000000080082c0                . = ALIGN (0x4)
                0x00000000080082c0                __exidx_start = .
 *(.ARM.exidx*)
                0x00000000080082c0                __exidx_end = .
                0x00000000080082c0                . = ALIGN (0x4)

.preinit_array  0x00000000080082c0        0x0
                0x00000000080082c0                . = ALIGN (0x4)
                0x00000000080082c0                PROVIDE (__preinit_array_start = .)
 *(.preinit_array*)
                0x00000000080082c0                PROVIDE (__preinit_array_end = .)
                0x00000000080082c0                . = ALIGN (0x4)

.init_array     0x00000000080082c0        0x4
                0x00000000080082c0                . = ALIGN (0x4)
                0x00000000080082c0                PROVIDE (__init_array_start = .)
 *(SORT_BY_NAME(.init_array.*))
 *(.init_array*)
 .init_array    0x00000000080082c0        0x4 c:/st/stm32cubeide_1.7.0/stm32cubeide/plugins/com.st.stm32cube.ide.mcu.externaltools.gnu-tools-for-stm32.9-2020-q2-update.win32_2.0.0.202105311346/tools/bin/../lib/gcc/arm-none-eabi/9.3.1/thumb/v7-m/nofp/crtbegin.o
                0x00000000080082c4                PROVIDE (__init_array_end = .)
                0x00000000080082c4                . = ALIGN (0x4)

.fini_array     0x00000000080082c4        0x4
                0x00000000080082c4                . = ALIGN (0x4)
                [!provide]                        PROVIDE (__fini_array_start = .)
 *(SORT_BY_NAME(.fini_array.*))
 *(.fini_array*)
 .fini_array    0x00000000080082c4        0x4 c:/st/stm32cubeide_1.7.0/stm32cubeide/plugins/com.st.stm32cube.ide.mcu.externaltools.gnu-tools-for-stm32.9-2020-q2-update.win32_2.0.0.202105311346/tools/bin/../lib/gcc/arm-none-eabi/9.3.1/thumb/v7-m/nofp/crtbegin.o
                [!provide]                        PROVIDE (__fini_array_end = .)
                0x00000000080082c8                . = ALIGN (0x4)
                0x00000000080082c8                _sidata = LOADADDR (.data)

.data           0x0000000020000000       0x70 load address 0x00000000080082c8
                0x0000000020000000                . = ALIGN (0x4)
                0x0000000020000000                _sdata = .
 *(.data)
 *(.data*)
 .data.SystemCoreClock
                0x0000000020000000        0x4 ./Core/Src/system_stm32f1xx.o
                0x0000000020000000                SystemCoreClock
 .data.uwTickPrio
                0x0000000020000004        0x4 ./Drivers/STM32F1xx_HAL_Driver/Src/stm32f1xx_hal.o
                0x0000000020000004                uwTickPrio
 .data.uwTickFreq
                0x0000000020000008        0x1 ./Drivers/STM32F1xx_HAL_Driver/Src/stm32f1xx_hal.o
                0x0000000020000008                uwTickFreq
 .data.__fdlib_version
                0x0000000020000009        0x1 c:/st/stm32cubeide_1.7.0/stm32cubeide/plugins/com.st.stm32cube.ide.mcu.externaltools.gnu-tools-for-stm32.9-2020-q2-update.win32_2.0.0.202105311346/tools/bin/../lib/gcc/arm-none-eabi/9.3.1/../../../../arm-none-eabi/lib/thumb/v7-m/nofp\libm.a(lib_a-s_lib_ver.o)
                0x0000000020000009                __fdlib_version
 *fill*         0x000000002000000a        0x2 
 .data._impure_ptr
                0x000000002000000c        0x4 c:/st/stm32cubeide_1.7.0/stm32cubeide/plugins/com.st.stm32cube.ide.mcu.externaltools.gnu-tools-for-stm32.9-2020-q2-update.win32_2.0.0.202105311346/tools/bin/../lib/gcc/arm-none-eabi/9.3.1/../../../../arm-none-eabi/lib/thumb/v7-m/nofp\libc_nano.a(lib_a-impure.o)
                0x000000002000000c                _impure_ptr
 .data.impure_data
                0x0000000020000010       0x60 c:/st/stm32cubeide_1.7.0/stm32cubeide/plugins/com.st.stm32cube.ide.mcu.externaltools.gnu-tools-for-stm32.9-2020-q2-update.win32_2.0.0.202105311346/tools/bin/../lib/gcc/arm-none-eabi/9.3.1/../../../../arm-none-eabi/lib/thumb/v7-m/nofp\libc_nano.a(lib_a-impure.o)
 *(.RamFunc)
 *(.RamFunc*)
                0x0000000020000070                . = ALIGN (0x4)
                0x0000000020000070                _edata = .

.igot.plt       0x0000000020000070        0x0 load address 0x0000000008008338
 .igot.plt      0x0000000020000070        0x0 c:/st/stm32cubeide_1.7.0/stm32cubeide/plugins/com.st.stm32cube.ide.mcu.externaltools.gnu-tools-for-stm32.9-2020-q2-update.win32_2.0.0.202105311346/tools/bin/../lib/gcc/arm-none-eabi/9.3.1/thumb/v7-m/nofp/crtbegin.o
                0x0000000020000070                . = ALIGN (0x4)

.bss            0x0000000020000070      0xd04 load address 0x0000000008008338
                0x0000000020000070                _sbss = .
                0x0000000020000070                __bss_start__ = _sbss
 *(.bss)
 .bss           0x0000000020000070       0x1c c:/st/stm32cubeide_1.7.0/stm32cubeide/plugins/com.st.stm32cube.ide.mcu.externaltools.gnu-tools-for-stm32.9-2020-q2-update.win32_2.0.0.202105311346/tools/bin/../lib/gcc/arm-none-eabi/9.3.1/thumb/v7-m/nofp/crtbegin.o
 *(.bss*)
 .bss.packet_counter.8191
                0x000000002000008c        0x1 ./Core/Src/Communication.o
 *fill*         0x000000002000008d        0x1 
 .bss.CRC_BUFFER.8216
                0x000000002000008e        0x2 ./Core/Src/Communication.o
 .bss.DATA_LENGTH.8224
                0x0000000020000090        0x1 ./Core/Src/Communication.o
 *(COMMON)
 *fill*         0x0000000020000091        0x7 
 COMMON         0x0000000020000098      0xa4c ./Core/Src/AFC_main.o
                0x0000000020000098                ms5611
                0x00000000200000b8                FLIGHT_MODE
                0x00000000200000bc                mpu6050
                0x00000000200000ec                voltaj_filter
                0x0000000020000100                GPS
                0x0000000020000310                state
                0x0000000020000314                waypoints
                0x0000000020000464                acc_filter
                0x0000000020000490                pw
                0x00000000200004b0                PID_t
                0x00000000200006a8                heading_filter
                0x00000000200006bc                gyro_filter
                0x00000000200006e8                wp_sayisi
                0x00000000200006ec                akim_filter
                0x0000000020000700                tick
                0x0000000020000710                last_waypoint
                0x0000000020000728                baro_filter
                0x000000002000073c                ANGLE
                0x0000000020000748                current_waypoint
                0x0000000020000760                alt_Est
                0x0000000020000770                qmc5883
                0x0000000020000790                comm
                0x0000000020000a30                WaypointStatus
                0x0000000020000a34                att_Est
                0x0000000020000a6c                GL
                0x0000000020000a84                ch
                0x0000000020000acc                target_waypoint
 COMMON         0x0000000020000ae4      0x28c ./Core/Src/main.o
                0x0000000020000ae4                htim4
                0x0000000020000b2c                hiwdg
                0x0000000020000b38                hi2c2
                0x0000000020000b8c                htim3
                0x0000000020000bd4                hadc1
                0x0000000020000c04                huart1
                0x0000000020000c48                hdma_adc1
                0x0000000020000c8c                htim1
                0x0000000020000cd4                hspi1
                0x0000000020000d2c                huart2
 COMMON         0x0000000020000d70        0x4 ./Drivers/STM32F1xx_HAL_Driver/Src/stm32f1xx_hal.o
                0x0000000020000d70                uwTick
                0x0000000020000d74                . = ALIGN (0x4)
                0x0000000020000d74                _ebss = .
                0x0000000020000d74                __bss_end__ = _ebss

._user_heap_stack
                0x0000000020000d74      0x604 load address 0x0000000008008338
                0x0000000020000d78                . = ALIGN (0x8)
 *fill*         0x0000000020000d74        0x4 
                [!provide]                        PROVIDE (end = .)
                0x0000000020000d78                PROVIDE (_end = .)
                0x0000000020000f78                . = (. + _Min_Heap_Size)
 *fill*         0x0000000020000d78      0x200 
                0x0000000020001378                . = (. + _Min_Stack_Size)
 *fill*         0x0000000020000f78      0x400 
                0x0000000020001378                . = ALIGN (0x8)

/DISCARD/
 libc.a(*)
 libm.a(*)
 libgcc.a(*)

.ARM.attributes
                0x0000000000000000       0x29
 *(.ARM.attributes)
 .ARM.attributes
                0x0000000000000000       0x1d c:/st/stm32cubeide_1.7.0/stm32cubeide/plugins/com.st.stm32cube.ide.mcu.externaltools.gnu-tools-for-stm32.9-2020-q2-update.win32_2.0.0.202105311346/tools/bin/../lib/gcc/arm-none-eabi/9.3.1/thumb/v7-m/nofp/crti.o
 .ARM.attributes
                0x000000000000001d       0x2d c:/st/stm32cubeide_1.7.0/stm32cubeide/plugins/com.st.stm32cube.ide.mcu.externaltools.gnu-tools-for-stm32.9-2020-q2-update.win32_2.0.0.202105311346/tools/bin/../lib/gcc/arm-none-eabi/9.3.1/thumb/v7-m/nofp/crtbegin.o
 .ARM.attributes
                0x000000000000004a       0x2d ./Core/Src/AFC_main.o
 .ARM.attributes
                0x0000000000000077       0x2d ./Core/Src/Communication.o
 .ARM.attributes
                0x00000000000000a4       0x2d ./Core/Src/GPS.o
 .ARM.attributes
                0x00000000000000d1       0x2d ./Core/Src/Paket_Islemleri.o
 .ARM.attributes
                0x00000000000000fe       0x2d ./Core/Src/ReadPPM.o
 .ARM.attributes
                0x000000000000012b       0x2d ./Core/Src/main.o
 .ARM.attributes
                0x0000000000000158       0x2d ./Core/Src/stm32f1xx_hal_msp.o
 .ARM.attributes
                0x0000000000000185       0x2d ./Core/Src/stm32f1xx_it.o
 .ARM.attributes
                0x00000000000001b2       0x2d ./Core/Src/system_stm32f1xx.o
 .ARM.attributes
                0x00000000000001df       0x21 ./Core/Startup/startup_stm32f103c8tx.o
 .ARM.attributes
                0x0000000000000200       0x2d ./Drivers/STM32F1xx_HAL_Driver/Src/stm32f1xx_hal.o
 .ARM.attributes
                0x000000000000022d       0x2d ./Drivers/STM32F1xx_HAL_Driver/Src/stm32f1xx_hal_adc.o
 .ARM.attributes
                0x000000000000025a       0x2d ./Drivers/STM32F1xx_HAL_Driver/Src/stm32f1xx_hal_cortex.o
 .ARM.attributes
                0x0000000000000287       0x2d ./Drivers/STM32F1xx_HAL_Driver/Src/stm32f1xx_hal_dma.o
 .ARM.attributes
                0x00000000000002b4       0x2d ./Drivers/STM32F1xx_HAL_Driver/Src/stm32f1xx_hal_gpio.o
 .ARM.attributes
                0x00000000000002e1       0x2d ./Drivers/STM32F1xx_HAL_Driver/Src/stm32f1xx_hal_i2c.o
 .ARM.attributes
                0x000000000000030e       0x2d ./Drivers/STM32F1xx_HAL_Driver/Src/stm32f1xx_hal_iwdg.o
 .ARM.attributes
                0x000000000000033b       0x2d ./Drivers/STM32F1xx_HAL_Driver/Src/stm32f1xx_hal_rcc.o
 .ARM.attributes
                0x0000000000000368       0x2d ./Drivers/STM32F1xx_HAL_Driver/Src/stm32f1xx_hal_rcc_ex.o
 .ARM.attributes
                0x0000000000000395       0x2d ./Drivers/STM32F1xx_HAL_Driver/Src/stm32f1xx_hal_spi.o
 .ARM.attributes
                0x00000000000003c2       0x2d ./Drivers/STM32F1xx_HAL_Driver/Src/stm32f1xx_hal_tim.o
 .ARM.attributes
                0x00000000000003ef       0x2d ./Drivers/STM32F1xx_HAL_Driver/Src/stm32f1xx_hal_tim_ex.o
 .ARM.attributes
                0x000000000000041c       0x2d ./Drivers/STM32F1xx_HAL_Driver/Src/stm32f1xx_hal_uart.o
 .ARM.attributes
                0x0000000000000449       0x2d c:/st/stm32cubeide_1.7.0/stm32cubeide/plugins/com.st.stm32cube.ide.mcu.externaltools.gnu-tools-for-stm32.9-2020-q2-update.win32_2.0.0.202105311346/tools/bin/../lib/gcc/arm-none-eabi/9.3.1/../../../../arm-none-eabi/lib/thumb/v7-m/nofp\libm.a(lib_a-w_pow.o)
 .ARM.attributes
                0x0000000000000476       0x2d c:/st/stm32cubeide_1.7.0/stm32cubeide/plugins/com.st.stm32cube.ide.mcu.externaltools.gnu-tools-for-stm32.9-2020-q2-update.win32_2.0.0.202105311346/tools/bin/../lib/gcc/arm-none-eabi/9.3.1/../../../../arm-none-eabi/lib/thumb/v7-m/nofp\libm.a(lib_a-e_pow.o)
 .ARM.attributes
                0x00000000000004a3       0x2d c:/st/stm32cubeide_1.7.0/stm32cubeide/plugins/com.st.stm32cube.ide.mcu.externaltools.gnu-tools-for-stm32.9-2020-q2-update.win32_2.0.0.202105311346/tools/bin/../lib/gcc/arm-none-eabi/9.3.1/../../../../arm-none-eabi/lib/thumb/v7-m/nofp\libm.a(lib_a-e_sqrt.o)
 .ARM.attributes
                0x00000000000004d0       0x2d c:/st/stm32cubeide_1.7.0/stm32cubeide/plugins/com.st.stm32cube.ide.mcu.externaltools.gnu-tools-for-stm32.9-2020-q2-update.win32_2.0.0.202105311346/tools/bin/../lib/gcc/arm-none-eabi/9.3.1/../../../../arm-none-eabi/lib/thumb/v7-m/nofp\libm.a(lib_a-s_fabs.o)
 .ARM.attributes
                0x00000000000004fd       0x2d c:/st/stm32cubeide_1.7.0/stm32cubeide/plugins/com.st.stm32cube.ide.mcu.externaltools.gnu-tools-for-stm32.9-2020-q2-update.win32_2.0.0.202105311346/tools/bin/../lib/gcc/arm-none-eabi/9.3.1/../../../../arm-none-eabi/lib/thumb/v7-m/nofp\libm.a(lib_a-s_finite.o)
 .ARM.attributes
                0x000000000000052a       0x2d c:/st/stm32cubeide_1.7.0/stm32cubeide/plugins/com.st.stm32cube.ide.mcu.externaltools.gnu-tools-for-stm32.9-2020-q2-update.win32_2.0.0.202105311346/tools/bin/../lib/gcc/arm-none-eabi/9.3.1/../../../../arm-none-eabi/lib/thumb/v7-m/nofp\libm.a(lib_a-s_lib_ver.o)
 .ARM.attributes
                0x0000000000000557       0x2d c:/st/stm32cubeide_1.7.0/stm32cubeide/plugins/com.st.stm32cube.ide.mcu.externaltools.gnu-tools-for-stm32.9-2020-q2-update.win32_2.0.0.202105311346/tools/bin/../lib/gcc/arm-none-eabi/9.3.1/../../../../arm-none-eabi/lib/thumb/v7-m/nofp\libm.a(lib_a-s_nan.o)
 .ARM.attributes
                0x0000000000000584       0x2d c:/st/stm32cubeide_1.7.0/stm32cubeide/plugins/com.st.stm32cube.ide.mcu.externaltools.gnu-tools-for-stm32.9-2020-q2-update.win32_2.0.0.202105311346/tools/bin/../lib/gcc/arm-none-eabi/9.3.1/../../../../arm-none-eabi/lib/thumb/v7-m/nofp\libm.a(lib_a-s_rint.o)
 .ARM.attributes
                0x00000000000005b1       0x2d c:/st/stm32cubeide_1.7.0/stm32cubeide/plugins/com.st.stm32cube.ide.mcu.externaltools.gnu-tools-for-stm32.9-2020-q2-update.win32_2.0.0.202105311346/tools/bin/../lib/gcc/arm-none-eabi/9.3.1/../../../../arm-none-eabi/lib/thumb/v7-m/nofp\libm.a(lib_a-s_scalbn.o)
 .ARM.attributes
                0x00000000000005de       0x2d c:/st/stm32cubeide_1.7.0/stm32cubeide/plugins/com.st.stm32cube.ide.mcu.externaltools.gnu-tools-for-stm32.9-2020-q2-update.win32_2.0.0.202105311346/tools/bin/../lib/gcc/arm-none-eabi/9.3.1/../../../../arm-none-eabi/lib/thumb/v7-m/nofp\libc_nano.a(lib_a-errno.o)
 .ARM.attributes
                0x000000000000060b       0x2d c:/st/stm32cubeide_1.7.0/stm32cubeide/plugins/com.st.stm32cube.ide.mcu.externaltools.gnu-tools-for-stm32.9-2020-q2-update.win32_2.0.0.202105311346/tools/bin/../lib/gcc/arm-none-eabi/9.3.1/../../../../arm-none-eabi/lib/thumb/v7-m/nofp\libc_nano.a(lib_a-impure.o)
 .ARM.attributes
                0x0000000000000638       0x2d c:/st/stm32cubeide_1.7.0/stm32cubeide/plugins/com.st.stm32cube.ide.mcu.externaltools.gnu-tools-for-stm32.9-2020-q2-update.win32_2.0.0.202105311346/tools/bin/../lib/gcc/arm-none-eabi/9.3.1/../../../../arm-none-eabi/lib/thumb/v7-m/nofp\libc_nano.a(lib_a-init.o)
 .ARM.attributes
                0x0000000000000665       0x2d c:/st/stm32cubeide_1.7.0/stm32cubeide/plugins/com.st.stm32cube.ide.mcu.externaltools.gnu-tools-for-stm32.9-2020-q2-update.win32_2.0.0.202105311346/tools/bin/../lib/gcc/arm-none-eabi/9.3.1/../../../../arm-none-eabi/lib/thumb/v7-m/nofp\libc_nano.a(lib_a-memset.o)
 .ARM.attributes
                0x0000000000000692       0x1d c:/st/stm32cubeide_1.7.0/stm32cubeide/plugins/com.st.stm32cube.ide.mcu.externaltools.gnu-tools-for-stm32.9-2020-q2-update.win32_2.0.0.202105311346/tools/bin/../lib/gcc/arm-none-eabi/9.3.1/thumb/v7-m/nofp\libgcc.a(_arm_addsubdf3.o)
 .ARM.attributes
                0x00000000000006af       0x1d c:/st/stm32cubeide_1.7.0/stm32cubeide/plugins/com.st.stm32cube.ide.mcu.externaltools.gnu-tools-for-stm32.9-2020-q2-update.win32_2.0.0.202105311346/tools/bin/../lib/gcc/arm-none-eabi/9.3.1/thumb/v7-m/nofp\libgcc.a(_arm_muldivdf3.o)
 .ARM.attributes
                0x00000000000006cc       0x1d c:/st/stm32cubeide_1.7.0/stm32cubeide/plugins/com.st.stm32cube.ide.mcu.externaltools.gnu-tools-for-stm32.9-2020-q2-update.win32_2.0.0.202105311346/tools/bin/../lib/gcc/arm-none-eabi/9.3.1/thumb/v7-m/nofp\libgcc.a(_arm_cmpdf2.o)
 .ARM.attributes
                0x00000000000006e9       0x1d c:/st/stm32cubeide_1.7.0/stm32cubeide/plugins/com.st.stm32cube.ide.mcu.externaltools.gnu-tools-for-stm32.9-2020-q2-update.win32_2.0.0.202105311346/tools/bin/../lib/gcc/arm-none-eabi/9.3.1/thumb/v7-m/nofp\libgcc.a(_arm_unorddf2.o)
 .ARM.attributes
                0x0000000000000706       0x1d c:/st/stm32cubeide_1.7.0/stm32cubeide/plugins/com.st.stm32cube.ide.mcu.externaltools.gnu-tools-for-stm32.9-2020-q2-update.win32_2.0.0.202105311346/tools/bin/../lib/gcc/arm-none-eabi/9.3.1/thumb/v7-m/nofp\libgcc.a(_arm_truncdfsf2.o)
 .ARM.attributes
                0x0000000000000723       0x1d c:/st/stm32cubeide_1.7.0/stm32cubeide/plugins/com.st.stm32cube.ide.mcu.externaltools.gnu-tools-for-stm32.9-2020-q2-update.win32_2.0.0.202105311346/tools/bin/../lib/gcc/arm-none-eabi/9.3.1/thumb/v7-m/nofp\libgcc.a(_arm_addsubsf3.o)
 .ARM.attributes
                0x0000000000000740       0x1d c:/st/stm32cubeide_1.7.0/stm32cubeide/plugins/com.st.stm32cube.ide.mcu.externaltools.gnu-tools-for-stm32.9-2020-q2-update.win32_2.0.0.202105311346/tools/bin/../lib/gcc/arm-none-eabi/9.3.1/thumb/v7-m/nofp\libgcc.a(_arm_muldivsf3.o)
 .ARM.attributes
                0x000000000000075d       0x1d c:/st/stm32cubeide_1.7.0/stm32cubeide/plugins/com.st.stm32cube.ide.mcu.externaltools.gnu-tools-for-stm32.9-2020-q2-update.win32_2.0.0.202105311346/tools/bin/../lib/gcc/arm-none-eabi/9.3.1/thumb/v7-m/nofp\libgcc.a(_arm_fixunssfsi.o)
 .ARM.attributes
                0x000000000000077a       0x1d c:/st/stm32cubeide_1.7.0/stm32cubeide/plugins/com.st.stm32cube.ide.mcu.externaltools.gnu-tools-for-stm32.9-2020-q2-update.win32_2.0.0.202105311346/tools/bin/../lib/gcc/arm-none-eabi/9.3.1/thumb/v7-m/nofp/crtn.o
OUTPUT(AutonomousFlightController_0_0_2d.elf elf32-littlearm)
LOAD linker stubs
LOAD c:/st/stm32cubeide_1.7.0/stm32cubeide/plugins/com.st.stm32cube.ide.mcu.externaltools.gnu-tools-for-stm32.9-2020-q2-update.win32_2.0.0.202105311346/tools/bin/../lib/gcc/arm-none-eabi/9.3.1/../../../../arm-none-eabi/lib/thumb/v7-m/nofp\libc.a
LOAD c:/st/stm32cubeide_1.7.0/stm32cubeide/plugins/com.st.stm32cube.ide.mcu.externaltools.gnu-tools-for-stm32.9-2020-q2-update.win32_2.0.0.202105311346/tools/bin/../lib/gcc/arm-none-eabi/9.3.1/../../../../arm-none-eabi/lib/thumb/v7-m/nofp\libm.a
LOAD c:/st/stm32cubeide_1.7.0/stm32cubeide/plugins/com.st.stm32cube.ide.mcu.externaltools.gnu-tools-for-stm32.9-2020-q2-update.win32_2.0.0.202105311346/tools/bin/../lib/gcc/arm-none-eabi/9.3.1/thumb/v7-m/nofp\libgcc.a

.debug_info     0x0000000000000000    0x21df6
 .debug_info    0x0000000000000000     0x33a6 ./Core/Src/AFC_main.o
 .debug_info    0x00000000000033a6     0x389b ./Core/Src/Communication.o
 .debug_info    0x0000000000006c41     0x35e5 ./Core/Src/GPS.o
 .debug_info    0x000000000000a226     0x360b ./Core/Src/Paket_Islemleri.o
 .debug_info    0x000000000000d831     0x32af ./Core/Src/ReadPPM.o
 .debug_info    0x0000000000010ae0     0x1a32 ./Core/Src/main.o
 .debug_info    0x0000000000012512     0x18ba ./Core/Src/stm32f1xx_hal_msp.o
 .debug_info    0x0000000000013dcc      0xa5e ./Core/Src/stm32f1xx_it.o
 .debug_info    0x000000000001482a      0x2be ./Core/Src/system_stm32f1xx.o
 .debug_info    0x0000000000014ae8       0x22 ./Core/Startup/startup_stm32f103c8tx.o
 .debug_info    0x0000000000014b0a      0x76a ./Drivers/STM32F1xx_HAL_Driver/Src/stm32f1xx_hal.o
 .debug_info    0x0000000000015274      0xd2d ./Drivers/STM32F1xx_HAL_Driver/Src/stm32f1xx_hal_adc.o
 .debug_info    0x0000000000015fa1      0xbdc ./Drivers/STM32F1xx_HAL_Driver/Src/stm32f1xx_hal_cortex.o
 .debug_info    0x0000000000016b7d      0x81e ./Drivers/STM32F1xx_HAL_Driver/Src/stm32f1xx_hal_dma.o
 .debug_info    0x000000000001739b      0x701 ./Drivers/STM32F1xx_HAL_Driver/Src/stm32f1xx_hal_gpio.o
 .debug_info    0x0000000000017a9c     0x278e ./Drivers/STM32F1xx_HAL_Driver/Src/stm32f1xx_hal_i2c.o
 .debug_info    0x000000000001a22a      0x2cb ./Drivers/STM32F1xx_HAL_Driver/Src/stm32f1xx_hal_iwdg.o
 .debug_info    0x000000000001a4f5      0x88e ./Drivers/STM32F1xx_HAL_Driver/Src/stm32f1xx_hal_rcc.o
 .debug_info    0x000000000001ad83      0x480 ./Drivers/STM32F1xx_HAL_Driver/Src/stm32f1xx_hal_rcc_ex.o
 .debug_info    0x000000000001b203     0x16bf ./Drivers/STM32F1xx_HAL_Driver/Src/stm32f1xx_hal_spi.o
 .debug_info    0x000000000001c8c2     0x2a45 ./Drivers/STM32F1xx_HAL_Driver/Src/stm32f1xx_hal_tim.o
 .debug_info    0x000000000001f307     0x14d5 ./Drivers/STM32F1xx_HAL_Driver/Src/stm32f1xx_hal_tim_ex.o
 .debug_info    0x00000000000207dc     0x161a ./Drivers/STM32F1xx_HAL_Driver/Src/stm32f1xx_hal_uart.o

.debug_abbrev   0x0000000000000000     0x32b1
 .debug_abbrev  0x0000000000000000      0x2bc ./Core/Src/AFC_main.o
 .debug_abbrev  0x00000000000002bc      0x341 ./Core/Src/Communication.o
 .debug_abbrev  0x00000000000005fd      0x363 ./Core/Src/GPS.o
 .debug_abbrev  0x0000000000000960      0x299 ./Core/Src/Paket_Islemleri.o
 .debug_abbrev  0x0000000000000bf9      0x299 ./Core/Src/ReadPPM.o
 .debug_abbrev  0x0000000000000e92      0x27f ./Core/Src/main.o
 .debug_abbrev  0x0000000000001111      0x222 ./Core/Src/stm32f1xx_hal_msp.o
 .debug_abbrev  0x0000000000001333      0x176 ./Core/Src/stm32f1xx_it.o
 .debug_abbrev  0x00000000000014a9      0x14e ./Core/Src/system_stm32f1xx.o
 .debug_abbrev  0x00000000000015f7       0x12 ./Core/Startup/startup_stm32f103c8tx.o
 .debug_abbrev  0x0000000000001609      0x1ed ./Drivers/STM32F1xx_HAL_Driver/Src/stm32f1xx_hal.o
 .debug_abbrev  0x00000000000017f6      0x1fb ./Drivers/STM32F1xx_HAL_Driver/Src/stm32f1xx_hal_adc.o
 .debug_abbrev  0x00000000000019f1      0x313 ./Drivers/STM32F1xx_HAL_Driver/Src/stm32f1xx_hal_cortex.o
 .debug_abbrev  0x0000000000001d04      0x228 ./Drivers/STM32F1xx_HAL_Driver/Src/stm32f1xx_hal_dma.o
 .debug_abbrev  0x0000000000001f2c      0x1e8 ./Drivers/STM32F1xx_HAL_Driver/Src/stm32f1xx_hal_gpio.o
 .debug_abbrev  0x0000000000002114      0x288 ./Drivers/STM32F1xx_HAL_Driver/Src/stm32f1xx_hal_i2c.o
 .debug_abbrev  0x000000000000239c      0x152 ./Drivers/STM32F1xx_HAL_Driver/Src/stm32f1xx_hal_iwdg.o
 .debug_abbrev  0x00000000000024ee      0x273 ./Drivers/STM32F1xx_HAL_Driver/Src/stm32f1xx_hal_rcc.o
 .debug_abbrev  0x0000000000002761      0x193 ./Drivers/STM32F1xx_HAL_Driver/Src/stm32f1xx_hal_rcc_ex.o
 .debug_abbrev  0x00000000000028f4      0x26e ./Drivers/STM32F1xx_HAL_Driver/Src/stm32f1xx_hal_spi.o
 .debug_abbrev  0x0000000000002b62      0x25e ./Drivers/STM32F1xx_HAL_Driver/Src/stm32f1xx_hal_tim.o
 .debug_abbrev  0x0000000000002dc0      0x266 ./Drivers/STM32F1xx_HAL_Driver/Src/stm32f1xx_hal_tim_ex.o
 .debug_abbrev  0x0000000000003026      0x28b ./Drivers/STM32F1xx_HAL_Driver/Src/stm32f1xx_hal_uart.o

.debug_aranges  0x0000000000000000     0x1410
 .debug_aranges
                0x0000000000000000       0x20 ./Core/Src/AFC_main.o
 .debug_aranges
                0x0000000000000020       0x90 ./Core/Src/Communication.o
 .debug_aranges
                0x00000000000000b0       0x88 ./Core/Src/GPS.o
 .debug_aranges
                0x0000000000000138       0x88 ./Core/Src/Paket_Islemleri.o
 .debug_aranges
                0x00000000000001c0       0x28 ./Core/Src/ReadPPM.o
 .debug_aranges
                0x00000000000001e8       0x88 ./Core/Src/main.o
 .debug_aranges
                0x0000000000000270       0x98 ./Core/Src/stm32f1xx_hal_msp.o
 .debug_aranges
                0x0000000000000308       0x80 ./Core/Src/stm32f1xx_it.o
 .debug_aranges
                0x0000000000000388       0x28 ./Core/Src/system_stm32f1xx.o
 .debug_aranges
                0x00000000000003b0       0x28 ./Core/Startup/startup_stm32f103c8tx.o
 .debug_aranges
                0x00000000000003d8       0xe0 ./Drivers/STM32F1xx_HAL_Driver/Src/stm32f1xx_hal.o
 .debug_aranges
                0x00000000000004b8       0xf0 ./Drivers/STM32F1xx_HAL_Driver/Src/stm32f1xx_hal_adc.o
 .debug_aranges
                0x00000000000005a8      0x100 ./Drivers/STM32F1xx_HAL_Driver/Src/stm32f1xx_hal_cortex.o
 .debug_aranges
                0x00000000000006a8       0x80 ./Drivers/STM32F1xx_HAL_Driver/Src/stm32f1xx_hal_dma.o
 .debug_aranges
                0x0000000000000728       0x58 ./Drivers/STM32F1xx_HAL_Driver/Src/stm32f1xx_hal_gpio.o
 .debug_aranges
                0x0000000000000780      0x2a0 ./Drivers/STM32F1xx_HAL_Driver/Src/stm32f1xx_hal_i2c.o
 .debug_aranges
                0x0000000000000a20       0x28 ./Drivers/STM32F1xx_HAL_Driver/Src/stm32f1xx_hal_iwdg.o
 .debug_aranges
                0x0000000000000a48       0x90 ./Drivers/STM32F1xx_HAL_Driver/Src/stm32f1xx_hal_rcc.o
 .debug_aranges
                0x0000000000000ad8       0x30 ./Drivers/STM32F1xx_HAL_Driver/Src/stm32f1xx_hal_rcc_ex.o
 .debug_aranges
                0x0000000000000b08      0x1d0 ./Drivers/STM32F1xx_HAL_Driver/Src/stm32f1xx_hal_spi.o
 .debug_aranges
                0x0000000000000cd8      0x3d0 ./Drivers/STM32F1xx_HAL_Driver/Src/stm32f1xx_hal_tim.o
 .debug_aranges
                0x00000000000010a8      0x168 ./Drivers/STM32F1xx_HAL_Driver/Src/stm32f1xx_hal_tim_ex.o
 .debug_aranges
                0x0000000000001210      0x200 ./Drivers/STM32F1xx_HAL_Driver/Src/stm32f1xx_hal_uart.o

.debug_ranges   0x0000000000000000     0x1318
 .debug_ranges  0x0000000000000000       0x10 ./Core/Src/AFC_main.o
 .debug_ranges  0x0000000000000010       0x98 ./Core/Src/Communication.o
 .debug_ranges  0x00000000000000a8       0x78 ./Core/Src/GPS.o
 .debug_ranges  0x0000000000000120       0x78 ./Core/Src/Paket_Islemleri.o
 .debug_ranges  0x0000000000000198       0x18 ./Core/Src/ReadPPM.o
 .debug_ranges  0x00000000000001b0       0x78 ./Core/Src/main.o
 .debug_ranges  0x0000000000000228       0x88 ./Core/Src/stm32f1xx_hal_msp.o
 .debug_ranges  0x00000000000002b0       0x70 ./Core/Src/stm32f1xx_it.o
 .debug_ranges  0x0000000000000320       0x18 ./Core/Src/system_stm32f1xx.o
 .debug_ranges  0x0000000000000338       0x20 ./Core/Startup/startup_stm32f103c8tx.o
 .debug_ranges  0x0000000000000358       0xd0 ./Drivers/STM32F1xx_HAL_Driver/Src/stm32f1xx_hal.o
 .debug_ranges  0x0000000000000428       0xe0 ./Drivers/STM32F1xx_HAL_Driver/Src/stm32f1xx_hal_adc.o
 .debug_ranges  0x0000000000000508       0xf0 ./Drivers/STM32F1xx_HAL_Driver/Src/stm32f1xx_hal_cortex.o
 .debug_ranges  0x00000000000005f8       0x70 ./Drivers/STM32F1xx_HAL_Driver/Src/stm32f1xx_hal_dma.o
 .debug_ranges  0x0000000000000668       0x48 ./Drivers/STM32F1xx_HAL_Driver/Src/stm32f1xx_hal_gpio.o
 .debug_ranges  0x00000000000006b0      0x2b8 ./Drivers/STM32F1xx_HAL_Driver/Src/stm32f1xx_hal_i2c.o
 .debug_ranges  0x0000000000000968       0x18 ./Drivers/STM32F1xx_HAL_Driver/Src/stm32f1xx_hal_iwdg.o
 .debug_ranges  0x0000000000000980       0x80 ./Drivers/STM32F1xx_HAL_Driver/Src/stm32f1xx_hal_rcc.o
 .debug_ranges  0x0000000000000a00       0x20 ./Drivers/STM32F1xx_HAL_Driver/Src/stm32f1xx_hal_rcc_ex.o
 .debug_ranges  0x0000000000000a20      0x1c0 ./Drivers/STM32F1xx_HAL_Driver/Src/stm32f1xx_hal_spi.o
 .debug_ranges  0x0000000000000be0      0x3c0 ./Drivers/STM32F1xx_HAL_Driver/Src/stm32f1xx_hal_tim.o
 .debug_ranges  0x0000000000000fa0      0x158 ./Drivers/STM32F1xx_HAL_Driver/Src/stm32f1xx_hal_tim_ex.o
 .debug_ranges  0x00000000000010f8      0x220 ./Drivers/STM32F1xx_HAL_Driver/Src/stm32f1xx_hal_uart.o

.debug_macro    0x0000000000000000    0x19f66
 .debug_macro   0x0000000000000000      0x336 ./Core/Src/AFC_main.o
 .debug_macro   0x0000000000000336      0xa9c ./Core/Src/AFC_main.o
 .debug_macro   0x0000000000000dd2      0x239 ./Core/Src/AFC_main.o
 .debug_macro   0x000000000000100b       0x2e ./Core/Src/AFC_main.o
 .debug_macro   0x0000000000001039       0x22 ./Core/Src/AFC_main.o
 .debug_macro   0x000000000000105b       0x22 ./Core/Src/AFC_main.o
 .debug_macro   0x000000000000107d       0x8e ./Core/Src/AFC_main.o
 .debug_macro   0x000000000000110b       0x51 ./Core/Src/AFC_main.o
 .debug_macro   0x000000000000115c      0x103 ./Core/Src/AFC_main.o
 .debug_macro   0x000000000000125f       0x6a ./Core/Src/AFC_main.o
 .debug_macro   0x00000000000012c9      0x1df ./Core/Src/AFC_main.o
 .debug_macro   0x00000000000014a8       0x1c ./Core/Src/AFC_main.o
 .debug_macro   0x00000000000014c4       0x22 ./Core/Src/AFC_main.o
 .debug_macro   0x00000000000014e6       0xc3 ./Core/Src/AFC_main.o
 .debug_macro   0x00000000000015a9      0xd23 ./Core/Src/AFC_main.o
 .debug_macro   0x00000000000022cc     0xe09e ./Core/Src/AFC_main.o
 .debug_macro   0x000000000001036a       0x6d ./Core/Src/AFC_main.o
 .debug_macro   0x00000000000103d7     0x3468 ./Core/Src/AFC_main.o
 .debug_macro   0x000000000001383f      0x174 ./Core/Src/AFC_main.o
 .debug_macro   0x00000000000139b3       0x5c ./Core/Src/AFC_main.o
 .debug_macro   0x0000000000013a0f      0x5be ./Core/Src/AFC_main.o
 .debug_macro   0x0000000000013fcd      0x289 ./Core/Src/AFC_main.o
 .debug_macro   0x0000000000014256      0x1cb ./Core/Src/AFC_main.o
 .debug_macro   0x0000000000014421      0x114 ./Core/Src/AFC_main.o
 .debug_macro   0x0000000000014535      0x1b2 ./Core/Src/AFC_main.o
 .debug_macro   0x00000000000146e7       0x27 ./Core/Src/AFC_main.o
 .debug_macro   0x000000000001470e      0x136 ./Core/Src/AFC_main.o
 .debug_macro   0x0000000000014844      0x1bc ./Core/Src/AFC_main.o
 .debug_macro   0x0000000000014a00       0x34 ./Core/Src/AFC_main.o
 .debug_macro   0x0000000000014a34       0x3c ./Core/Src/AFC_main.o
 .debug_macro   0x0000000000014a70       0x57 ./Core/Src/AFC_main.o
 .debug_macro   0x0000000000014ac7      0x46a ./Core/Src/AFC_main.o
 .debug_macro   0x0000000000014f31      0x1b5 ./Core/Src/AFC_main.o
 .debug_macro   0x00000000000150e6       0x88 ./Core/Src/AFC_main.o
 .debug_macro   0x000000000001516e      0x241 ./Core/Src/AFC_main.o
 .debug_macro   0x00000000000153af      0x287 ./Core/Src/AFC_main.o
 .debug_macro   0x0000000000015636       0x78 ./Core/Src/AFC_main.o
 .debug_macro   0x00000000000156ae      0x141 ./Core/Src/AFC_main.o
 .debug_macro   0x00000000000157ef      0x217 ./Core/Src/AFC_main.o
 .debug_macro   0x0000000000015a06      0x8d1 ./Core/Src/AFC_main.o
 .debug_macro   0x00000000000162d7      0x279 ./Core/Src/AFC_main.o
 .debug_macro   0x0000000000016550       0x83 ./Core/Src/AFC_main.o
 .debug_macro   0x00000000000165d3       0x52 ./Core/Src/AFC_main.o
 .debug_macro   0x0000000000016625       0x18 ./Core/Src/AFC_main.o
 .debug_macro   0x000000000001663d       0x3c ./Core/Src/AFC_main.o
 .debug_macro   0x0000000000016679       0x34 ./Core/Src/AFC_main.o
 .debug_macro   0x00000000000166ad       0x16 ./Core/Src/AFC_main.o
 .debug_macro   0x00000000000166c3       0x43 ./Core/Src/AFC_main.o
 .debug_macro   0x0000000000016706       0x34 ./Core/Src/AFC_main.o
 .debug_macro   0x000000000001673a       0x10 ./Core/Src/AFC_main.o
 .debug_macro   0x000000000001674a       0x58 ./Core/Src/AFC_main.o
 .debug_macro   0x00000000000167a2       0x71 ./Core/Src/AFC_main.o
 .debug_macro   0x0000000000016813       0x1c ./Core/Src/AFC_main.o
 .debug_macro   0x000000000001682f      0x12a ./Core/Src/AFC_main.o
 .debug_macro   0x0000000000016959      0x333 ./Core/Src/AFC_main.o
 .debug_macro   0x0000000000016c8c      0x1a9 ./Core/Src/AFC_main.o
 .debug_macro   0x0000000000016e35       0x6a ./Core/Src/AFC_main.o
 .debug_macro   0x0000000000016e9f       0x34 ./Core/Src/AFC_main.o
 .debug_macro   0x0000000000016ed3       0x22 ./Core/Src/AFC_main.o
 .debug_macro   0x0000000000016ef5       0xac ./Core/Src/AFC_main.o
 .debug_macro   0x0000000000016fa1       0x64 ./Core/Src/AFC_main.o
 .debug_macro   0x0000000000017005       0x28 ./Core/Src/AFC_main.o
 .debug_macro   0x000000000001702d       0x16 ./Core/Src/AFC_main.o
 .debug_macro   0x0000000000017043       0x94 ./Core/Src/AFC_main.o
 .debug_macro   0x00000000000170d7       0x16 ./Core/Src/AFC_main.o
 .debug_macro   0x00000000000170ed       0x70 ./Core/Src/AFC_main.o
 .debug_macro   0x000000000001715d       0x16 ./Core/Src/AFC_main.o
 .debug_macro   0x0000000000017173       0x58 ./Core/Src/AFC_main.o
 .debug_macro   0x00000000000171cb      0x330 ./Core/Src/Communication.o
 .debug_macro   0x00000000000174fb      0x330 ./Core/Src/GPS.o
 .debug_macro   0x000000000001782b      0x330 ./Core/Src/Paket_Islemleri.o
 .debug_macro   0x0000000000017b5b      0x330 ./Core/Src/ReadPPM.o
 .debug_macro   0x0000000000017e8b      0x1e4 ./Core/Src/main.o
 .debug_macro   0x000000000001806f       0x64 ./Core/Src/main.o
 .debug_macro   0x00000000000180d3      0x1e4 ./Core/Src/stm32f1xx_hal_msp.o
 .debug_macro   0x00000000000182b7      0x1ee ./Core/Src/stm32f1xx_it.o
 .debug_macro   0x00000000000184a5      0x1d5 ./Core/Src/system_stm32f1xx.o
 .debug_macro   0x000000000001867a      0x1f9 ./Drivers/STM32F1xx_HAL_Driver/Src/stm32f1xx_hal.o
 .debug_macro   0x0000000000018873      0x1f2 ./Drivers/STM32F1xx_HAL_Driver/Src/stm32f1xx_hal_adc.o
 .debug_macro   0x0000000000018a65      0x1d5 ./Drivers/STM32F1xx_HAL_Driver/Src/stm32f1xx_hal_cortex.o
 .debug_macro   0x0000000000018c3a      0x1d5 ./Drivers/STM32F1xx_HAL_Driver/Src/stm32f1xx_hal_dma.o
 .debug_macro   0x0000000000018e0f      0x240 ./Drivers/STM32F1xx_HAL_Driver/Src/stm32f1xx_hal_gpio.o
 .debug_macro   0x000000000001904f      0x21c ./Drivers/STM32F1xx_HAL_Driver/Src/stm32f1xx_hal_i2c.o
 .debug_macro   0x000000000001926b      0x1e1 ./Drivers/STM32F1xx_HAL_Driver/Src/stm32f1xx_hal_iwdg.o
 .debug_macro   0x000000000001944c      0x1e7 ./Drivers/STM32F1xx_HAL_Driver/Src/stm32f1xx_hal_rcc.o
 .debug_macro   0x0000000000019633      0x1d5 ./Drivers/STM32F1xx_HAL_Driver/Src/stm32f1xx_hal_rcc_ex.o
 .debug_macro   0x0000000000019808      0x1dd ./Drivers/STM32F1xx_HAL_Driver/Src/stm32f1xx_hal_spi.o
 .debug_macro   0x00000000000199e5      0x1d6 ./Drivers/STM32F1xx_HAL_Driver/Src/stm32f1xx_hal_tim.o
 .debug_macro   0x0000000000019bbb      0x1d5 ./Drivers/STM32F1xx_HAL_Driver/Src/stm32f1xx_hal_tim_ex.o
 .debug_macro   0x0000000000019d90      0x1d6 ./Drivers/STM32F1xx_HAL_Driver/Src/stm32f1xx_hal_uart.o

.debug_line     0x0000000000000000    0x182f0
 .debug_line    0x0000000000000000      0xc93 ./Core/Src/AFC_main.o
 .debug_line    0x0000000000000c93     0x11f9 ./Core/Src/Communication.o
 .debug_line    0x0000000000001e8c     0x10f9 ./Core/Src/GPS.o
 .debug_line    0x0000000000002f85      0xbee ./Core/Src/Paket_Islemleri.o
 .debug_line    0x0000000000003b73      0xaee ./Core/Src/ReadPPM.o
 .debug_line    0x0000000000004661      0xa6d ./Core/Src/main.o
 .debug_line    0x00000000000050ce      0x972 ./Core/Src/stm32f1xx_hal_msp.o
 .debug_line    0x0000000000005a40      0x816 ./Core/Src/stm32f1xx_it.o
 .debug_line    0x0000000000006256      0x772 ./Core/Src/system_stm32f1xx.o
 .debug_line    0x00000000000069c8       0x87 ./Core/Startup/startup_stm32f103c8tx.o
 .debug_line    0x0000000000006a4f      0x99f ./Drivers/STM32F1xx_HAL_Driver/Src/stm32f1xx_hal.o
 .debug_line    0x00000000000073ee     0x1016 ./Drivers/STM32F1xx_HAL_Driver/Src/stm32f1xx_hal_adc.o
 .debug_line    0x0000000000008404      0xb87 ./Drivers/STM32F1xx_HAL_Driver/Src/stm32f1xx_hal_cortex.o
 .debug_line    0x0000000000008f8b      0xdf7 ./Drivers/STM32F1xx_HAL_Driver/Src/stm32f1xx_hal_dma.o
 .debug_line    0x0000000000009d82      0xa36 ./Drivers/STM32F1xx_HAL_Driver/Src/stm32f1xx_hal_gpio.o
 .debug_line    0x000000000000a7b8     0x3a89 ./Drivers/STM32F1xx_HAL_Driver/Src/stm32f1xx_hal_i2c.o
 .debug_line    0x000000000000e241      0x76a ./Drivers/STM32F1xx_HAL_Driver/Src/stm32f1xx_hal_iwdg.o
 .debug_line    0x000000000000e9ab      0xdad ./Drivers/STM32F1xx_HAL_Driver/Src/stm32f1xx_hal_rcc.o
 .debug_line    0x000000000000f758      0x8eb ./Drivers/STM32F1xx_HAL_Driver/Src/stm32f1xx_hal_rcc_ex.o
 .debug_line    0x0000000000010043     0x1c24 ./Drivers/STM32F1xx_HAL_Driver/Src/stm32f1xx_hal_spi.o
 .debug_line    0x0000000000011c67     0x3348 ./Drivers/STM32F1xx_HAL_Driver/Src/stm32f1xx_hal_tim.o
 .debug_line    0x0000000000014faf     0x18c7 ./Drivers/STM32F1xx_HAL_Driver/Src/stm32f1xx_hal_tim_ex.o
 .debug_line    0x0000000000016876     0x1a7a ./Drivers/STM32F1xx_HAL_Driver/Src/stm32f1xx_hal_uart.o

.debug_str      0x0000000000000000    0x954d0
 .debug_str     0x0000000000000000    0x90ab0 ./Core/Src/AFC_main.o
                                      0x91167 (size before relaxing)
 .debug_str     0x0000000000090ab0      0x22f ./Core/Src/Communication.o
                                      0x91283 (size before relaxing)
 .debug_str     0x0000000000090cdf      0x260 ./Core/Src/GPS.o
                                      0x912ac (size before relaxing)
 .debug_str     0x0000000000090f3f       0xd0 ./Core/Src/Paket_Islemleri.o
                                      0x91189 (size before relaxing)
 .debug_str     0x000000000009100f       0x61 ./Core/Src/ReadPPM.o
                                      0x910a7 (size before relaxing)
 .debug_str     0x0000000000091070      0x6c9 ./Core/Src/main.o
                                      0x8c527 (size before relaxing)
 .debug_str     0x0000000000091739      0x1a0 ./Core/Src/stm32f1xx_hal_msp.o
                                      0x8c259 (size before relaxing)
 .debug_str     0x00000000000918d9      0x10a ./Core/Src/stm32f1xx_it.o
                                      0x8b926 (size before relaxing)
 .debug_str     0x00000000000919e3       0x52 ./Core/Src/system_stm32f1xx.o
                                      0x8b064 (size before relaxing)
 .debug_str     0x0000000000091a35       0x36 ./Core/Startup/startup_stm32f103c8tx.o
                                         0x8f (size before relaxing)
 .debug_str     0x0000000000091a6b      0x2de ./Drivers/STM32F1xx_HAL_Driver/Src/stm32f1xx_hal.o
                                      0x8b6f5 (size before relaxing)
 .debug_str     0x0000000000091d49      0x357 ./Drivers/STM32F1xx_HAL_Driver/Src/stm32f1xx_hal_adc.o
                                      0x8b6f4 (size before relaxing)
 .debug_str     0x00000000000920a0      0x300 ./Drivers/STM32F1xx_HAL_Driver/Src/stm32f1xx_hal_cortex.o
                                      0x8b6fd (size before relaxing)
 .debug_str     0x00000000000923a0      0x235 ./Drivers/STM32F1xx_HAL_Driver/Src/stm32f1xx_hal_dma.o
                                      0x8b43f (size before relaxing)
 .debug_str     0x00000000000925d5      0x31f ./Drivers/STM32F1xx_HAL_Driver/Src/stm32f1xx_hal_gpio.o
                                      0x8b428 (size before relaxing)
 .debug_str     0x00000000000928f4      0xb36 ./Drivers/STM32F1xx_HAL_Driver/Src/stm32f1xx_hal_i2c.o
                                      0x8c0a0 (size before relaxing)
 .debug_str     0x000000000009342a       0xf3 ./Drivers/STM32F1xx_HAL_Driver/Src/stm32f1xx_hal_iwdg.o
                                      0x8b158 (size before relaxing)
 .debug_str     0x000000000009351d      0x244 ./Drivers/STM32F1xx_HAL_Driver/Src/stm32f1xx_hal_rcc.o
                                      0x8b461 (size before relaxing)
 .debug_str     0x0000000000093761       0xb9 ./Drivers/STM32F1xx_HAL_Driver/Src/stm32f1xx_hal_rcc_ex.o
                                      0x8b1ee (size before relaxing)
 .debug_str     0x000000000009381a      0x52e ./Drivers/STM32F1xx_HAL_Driver/Src/stm32f1xx_hal_spi.o
                                      0x8b970 (size before relaxing)
 .debug_str     0x0000000000093d48      0xcec ./Drivers/STM32F1xx_HAL_Driver/Src/stm32f1xx_hal_tim.o
                                      0x8c433 (size before relaxing)
 .debug_str     0x0000000000094a34      0x4ee ./Drivers/STM32F1xx_HAL_Driver/Src/stm32f1xx_hal_tim_ex.o
                                      0x8bbe4 (size before relaxing)
 .debug_str     0x0000000000094f22      0x5ae ./Drivers/STM32F1xx_HAL_Driver/Src/stm32f1xx_hal_uart.o
                                      0x8ba53 (size before relaxing)

.comment        0x0000000000000000       0x53
 .comment       0x0000000000000000       0x53 ./Core/Src/AFC_main.o
                                         0x54 (size before relaxing)
 .comment       0x0000000000000053       0x54 ./Core/Src/Communication.o
 .comment       0x0000000000000053       0x54 ./Core/Src/GPS.o
 .comment       0x0000000000000053       0x54 ./Core/Src/Paket_Islemleri.o
 .comment       0x0000000000000053       0x54 ./Core/Src/ReadPPM.o
 .comment       0x0000000000000053       0x54 ./Core/Src/main.o
 .comment       0x0000000000000053       0x54 ./Core/Src/stm32f1xx_hal_msp.o
 .comment       0x0000000000000053       0x54 ./Core/Src/stm32f1xx_it.o
 .comment       0x0000000000000053       0x54 ./Core/Src/system_stm32f1xx.o
 .comment       0x0000000000000053       0x54 ./Drivers/STM32F1xx_HAL_Driver/Src/stm32f1xx_hal.o
 .comment       0x0000000000000053       0x54 ./Drivers/STM32F1xx_HAL_Driver/Src/stm32f1xx_hal_adc.o
 .comment       0x0000000000000053       0x54 ./Drivers/STM32F1xx_HAL_Driver/Src/stm32f1xx_hal_cortex.o
 .comment       0x0000000000000053       0x54 ./Drivers/STM32F1xx_HAL_Driver/Src/stm32f1xx_hal_dma.o
 .comment       0x0000000000000053       0x54 ./Drivers/STM32F1xx_HAL_Driver/Src/stm32f1xx_hal_gpio.o
 .comment       0x0000000000000053       0x54 ./Drivers/STM32F1xx_HAL_Driver/Src/stm32f1xx_hal_i2c.o
 .comment       0x0000000000000053       0x54 ./Drivers/STM32F1xx_HAL_Driver/Src/stm32f1xx_hal_iwdg.o
 .comment       0x0000000000000053       0x54 ./Drivers/STM32F1xx_HAL_Driver/Src/stm32f1xx_hal_rcc.o
 .comment       0x0000000000000053       0x54 ./Drivers/STM32F1xx_HAL_Driver/Src/stm32f1xx_hal_rcc_ex.o
 .comment       0x0000000000000053       0x54 ./Drivers/STM32F1xx_HAL_Driver/Src/stm32f1xx_hal_spi.o
 .comment       0x0000000000000053       0x54 ./Drivers/STM32F1xx_HAL_Driver/Src/stm32f1xx_hal_tim.o
 .comment       0x0000000000000053       0x54 ./Drivers/STM32F1xx_HAL_Driver/Src/stm32f1xx_hal_tim_ex.o
 .comment       0x0000000000000053       0x54 ./Drivers/STM32F1xx_HAL_Driver/Src/stm32f1xx_hal_uart.o

.debug_frame    0x0000000000000000     0x590c
 .debug_frame   0x0000000000000000       0x40 ./Core/Src/AFC_main.o
 .debug_frame   0x0000000000000040      0x23c ./Core/Src/Communication.o
 .debug_frame   0x000000000000027c      0x21c ./Core/Src/GPS.o
 .debug_frame   0x0000000000000498      0x240 ./Core/Src/Paket_Islemleri.o
 .debug_frame   0x00000000000006d8       0x58 ./Core/Src/ReadPPM.o
 .debug_frame   0x0000000000000730      0x1cc ./Core/Src/main.o
 .debug_frame   0x00000000000008fc      0x264 ./Core/Src/stm32f1xx_hal_msp.o
 .debug_frame   0x0000000000000b60      0x174 ./Core/Src/stm32f1xx_it.o
 .debug_frame   0x0000000000000cd4       0x58 ./Core/Src/system_stm32f1xx.o
 .debug_frame   0x0000000000000d2c      0x334 ./Drivers/STM32F1xx_HAL_Driver/Src/stm32f1xx_hal.o
 .debug_frame   0x0000000000001060      0x40c ./Drivers/STM32F1xx_HAL_Driver/Src/stm32f1xx_hal_adc.o
 .debug_frame   0x000000000000146c      0x428 ./Drivers/STM32F1xx_HAL_Driver/Src/stm32f1xx_hal_cortex.o
 .debug_frame   0x0000000000001894      0x208 ./Drivers/STM32F1xx_HAL_Driver/Src/stm32f1xx_hal_dma.o
 .debug_frame   0x0000000000001a9c      0x14c ./Drivers/STM32F1xx_HAL_Driver/Src/stm32f1xx_hal_gpio.o
 .debug_frame   0x0000000000001be8      0xc5c ./Drivers/STM32F1xx_HAL_Driver/Src/stm32f1xx_hal_i2c.o
 .debug_frame   0x0000000000002844       0x5c ./Drivers/STM32F1xx_HAL_Driver/Src/stm32f1xx_hal_iwdg.o
 .debug_frame   0x00000000000028a0      0x21c ./Drivers/STM32F1xx_HAL_Driver/Src/stm32f1xx_hal_rcc.o
 .debug_frame   0x0000000000002abc       0x84 ./Drivers/STM32F1xx_HAL_Driver/Src/stm32f1xx_hal_rcc_ex.o
 .debug_frame   0x0000000000002b40      0x824 ./Drivers/STM32F1xx_HAL_Driver/Src/stm32f1xx_hal_spi.o
 .debug_frame   0x0000000000003364     0x11b8 ./Drivers/STM32F1xx_HAL_Driver/Src/stm32f1xx_hal_tim.o
 .debug_frame   0x000000000000451c      0x638 ./Drivers/STM32F1xx_HAL_Driver/Src/stm32f1xx_hal_tim_ex.o
 .debug_frame   0x0000000000004b54      0x914 ./Drivers/STM32F1xx_HAL_Driver/Src/stm32f1xx_hal_uart.o
 .debug_frame   0x0000000000005468       0x34 c:/st/stm32cubeide_1.7.0/stm32cubeide/plugins/com.st.stm32cube.ide.mcu.externaltools.gnu-tools-for-stm32.9-2020-q2-update.win32_2.0.0.202105311346/tools/bin/../lib/gcc/arm-none-eabi/9.3.1/../../../../arm-none-eabi/lib/thumb/v7-m/nofp\libm.a(lib_a-w_pow.o)
 .debug_frame   0x000000000000549c       0x64 c:/st/stm32cubeide_1.7.0/stm32cubeide/plugins/com.st.stm32cube.ide.mcu.externaltools.gnu-tools-for-stm32.9-2020-q2-update.win32_2.0.0.202105311346/tools/bin/../lib/gcc/arm-none-eabi/9.3.1/../../../../arm-none-eabi/lib/thumb/v7-m/nofp\libm.a(lib_a-e_pow.o)
 .debug_frame   0x0000000000005500       0x30 c:/st/stm32cubeide_1.7.0/stm32cubeide/plugins/com.st.stm32cube.ide.mcu.externaltools.gnu-tools-for-stm32.9-2020-q2-update.win32_2.0.0.202105311346/tools/bin/../lib/gcc/arm-none-eabi/9.3.1/../../../../arm-none-eabi/lib/thumb/v7-m/nofp\libm.a(lib_a-e_sqrt.o)
 .debug_frame   0x0000000000005530       0x20 c:/st/stm32cubeide_1.7.0/stm32cubeide/plugins/com.st.stm32cube.ide.mcu.externaltools.gnu-tools-for-stm32.9-2020-q2-update.win32_2.0.0.202105311346/tools/bin/../lib/gcc/arm-none-eabi/9.3.1/../../../../arm-none-eabi/lib/thumb/v7-m/nofp\libm.a(lib_a-s_fabs.o)
 .debug_frame   0x0000000000005550       0x20 c:/st/stm32cubeide_1.7.0/stm32cubeide/plugins/com.st.stm32cube.ide.mcu.externaltools.gnu-tools-for-stm32.9-2020-q2-update.win32_2.0.0.202105311346/tools/bin/../lib/gcc/arm-none-eabi/9.3.1/../../../../arm-none-eabi/lib/thumb/v7-m/nofp\libm.a(lib_a-s_finite.o)
 .debug_frame   0x0000000000005570       0x20 c:/st/stm32cubeide_1.7.0/stm32cubeide/plugins/com.st.stm32cube.ide.mcu.externaltools.gnu-tools-for-stm32.9-2020-q2-update.win32_2.0.0.202105311346/tools/bin/../lib/gcc/arm-none-eabi/9.3.1/../../../../arm-none-eabi/lib/thumb/v7-m/nofp\libm.a(lib_a-s_nan.o)